MPLINK 5.00, LINKER
Linker Map File - Created Fri Apr 15 11:34:21 2016

                                 Section Info
                  Section       Type    Address   Location Size(Bytes)
                ---------  ---------  ---------  ---------  ---------
               _entry_scn       code   0x000000    program   0x000006
                   .cinit    romdata   0x000006    program   0x000002
             .code_main.o       code   0x000008    program   0x000aac
                     PROG       code   0x000ab4    program   0x0001dc
               _cinit_scn       code   0x000c90    program   0x00009e
         .code_spi_open.o       code   0x000d2e    program   0x000068
         .code_spi_writ.o       code   0x000d96    program   0x00003c
             D10KTCYXCODE       code   0x000dd2    program   0x00002e
                    .code       code   0x000e00    program   0x000020
             _startup_scn       code   0x000e20    program   0x00001c
              D10TCYXCODE       code   0x000e3c    program   0x000016
           .code___init.o       code   0x000e52    program   0x000002
         .idata_c018i.o_i    romdata   0x000e54    program   0x000000
        .romdata___init.o    romdata   0x000e54    program   0x000000
        .idata___init.o_i    romdata   0x000e54    program   0x000000
         .romdata_c018i.o    romdata   0x000e54    program   0x000000
      .romdata_spi_writ.o    romdata   0x000e54    program   0x000000
      .idata_spi_writ.o_i    romdata   0x000e54    program   0x000000
            .code_c018i.o       code   0x000e54    program   0x000000
      .romdata_spi_open.o    romdata   0x000e54    program   0x000000
      .idata_spi_open.o_i    romdata   0x000e54    program   0x000000
          .idata_main.o_i    romdata   0x000e54    program   0x000000
          .romdata_main.o    romdata   0x000e54    program   0x000000
    .config_300001_main.o    romdata   0x300001    program   0x000001
    .config_300002_main.o    romdata   0x300002    program   0x000001
    .config_300003_main.o    romdata   0x300003    program   0x000001
    .config_300005_main.o    romdata   0x300005    program   0x000001
    .config_300006_main.o    romdata   0x300006    program   0x000001
                MATH_DATA      udata   0x000000       data   0x000014
                 .tmpdata      udata   0x000014       data   0x000004
                DELAYDAT2      udata   0x000018       data   0x000001
                DELAYDAT1      udata   0x000019       data   0x000001
           .udata_c018i.o      udata   0x000060       data   0x00000a
            .udata_main.o      udata   0x00006a       data   0x000001
           .idata_c018i.o      idata   0x00006b       data   0x000000
            .idata_main.o      idata   0x00006b       data   0x000000
          .idata___init.o      idata   0x00006b       data   0x000000
          .udata___init.o      udata   0x00006b       data   0x000000
        .idata_spi_writ.o      idata   0x00006b       data   0x000000
        .udata_spi_writ.o      udata   0x00006b       data   0x000000
        .idata_spi_open.o      idata   0x00006b       data   0x000000
        .udata_spi_open.o      udata   0x00006b       data   0x000000
                   .stack      udata   0x000500       data   0x000100
              SFR_BANKED0      udata   0x000d60       data   0x00000c
              SFR_BANKED1      udata   0x000d70       data   0x00000c
              SFR_BANKED2      udata   0x000d80       data   0x00000c
              SFR_BANKED3      udata   0x000d90       data   0x000004
              SFR_BANKED4      udata   0x000dd4       data   0x000002
              SFR_BANKED5      udata   0x000dd8       data   0x000001
              SFR_BANKED6      udata   0x000de0       data   0x000008
              SFR_BANKED7      udata   0x000df0       data   0x000004
              SFR_BANKED8      udata   0x000df8       data   0x000001
              SFR_BANKED9      udata   0x000dfa       data   0x000001
             SFR_BANKED10      udata   0x000dfc       data   0x000001
             SFR_BANKED11      udata   0x000e20       data   0x000060
             SFR_BANKED12      udata   0x000f00       data   0x000060
            SFR_UNBANKED0      udata   0x000f60       data   0x000018
            SFR_UNBANKED1      udata   0x000f80       data   0x000080



                              Program Memory Usage 
                               Start         End      
                           ---------   ---------      
                            0x000000    0x000e53      
                            0x300001    0x300003      
                            0x300005    0x300006      
            3673 out of 33048 program addresses used, program memory utilization is 11%



                              Symbols - Sorted by Name
                     Name    Address   Location    Storage File                     
                ---------  ---------  ---------  --------- ---------                
                   D10K_1   0x000dde    program     static E:\3.46\pic18-lt\cxx-framework\src\traditional\delays\d10ktcyx.asm
                    D10Kl   0x000dea    program     static E:\3.46\pic18-lt\cxx-framework\src\traditional\delays\d10ktcyx.asm
                    D10Kx   0x000ddc    program     static E:\3.46\pic18-lt\cxx-framework\src\traditional\delays\d10ktcyx.asm
                    D10_1   0x000e4c    program     static E:\3.46\pic18-lt\cxx-framework\src\traditional\delays\d10tcyx.asm
                     D10x   0x000e44    program     static E:\3.46\pic18-lt\cxx-framework\src\traditional\delays\d10tcyx.asm
             Delay10KTCYx   0x000dd2    program     extern E:\3.46\pic18-lt\cxx-framework\src\traditional\delays\d10ktcyx.asm
              Delay10TCYx   0x000e3c    program     extern E:\3.46\pic18-lt\cxx-framework\src\traditional\delays\d10tcyx.asm
           ECANInitialize   0x000008    program     extern C:\Documents and Settings\pedro\Escritorio\ENCODER ABSOLUTO\Roman\Copia de ROMAN_FUNCIONA\ECAN.c
       ECANReceiveMessage   0x00026a    program     extern C:\Documents and Settings\pedro\Escritorio\ENCODER ABSOLUTO\Roman\Copia de ROMAN_FUNCIONA\ECAN.c
          ECANSendMessage   0x000060    program     extern C:\Documents and Settings\pedro\Escritorio\ENCODER ABSOLUTO\Roman\Copia de ROMAN_FUNCIONA\ECAN.c
     ECANSetOperationMode   0x000474    program     extern C:\Documents and Settings\pedro\Escritorio\ENCODER ABSOLUTO\Roman\Copia de ROMAN_FUNCIONA\ECAN.c
                 FLO1632S   0x000ab8    program     extern E:\3.46\pic18-lt\cxx-framework\src\traditional\math\cast16FP.asm
                 FLO1632U   0x000ab4    program     extern E:\3.46\pic18-lt\cxx-framework\src\traditional\math\cast16FP.asm
                    FPD32   0x000ade    program     extern E:\3.46\pic18-lt\cxx-framework\src\traditional\math\divFP.asm
                  OpenSPI   0x000d2e    program     extern E:\3.46\pic18-lt\cxx-framework\src\pmc_common\SPI\spi_open.c
                 WriteSPI   0x000d96    program     extern E:\3.46\pic18-lt\cxx-framework\src\pmc_common\SPI\spi_writ.c
             _CANIDToRegs   0x00049e    program     extern C:\Documents and Settings\pedro\Escritorio\ENCODER ABSOLUTO\Roman\Copia de ROMAN_FUNCIONA\ECAN.c
       _D10KTCYXCODE_0010   0x000de2    program     static E:\3.46\pic18-lt\cxx-framework\src\traditional\delays\d10ktcyx.asm
       _D10KTCYXCODE_001C   0x000dee    program     static E:\3.46\pic18-lt\cxx-framework\src\traditional\delays\d10ktcyx.asm
        _D10TCYXCODE_000A   0x000e46    program     static E:\3.46\pic18-lt\cxx-framework\src\traditional\delays\d10tcyx.asm
        _D10TCYXCODE_000C   0x000e48    program     static E:\3.46\pic18-lt\cxx-framework\src\traditional\delays\d10tcyx.asm
        _D10TCYXCODE_000E   0x000e4a    program     static E:\3.46\pic18-lt\cxx-framework\src\traditional\delays\d10tcyx.asm
             _RegsToCANID   0x00065e    program     extern C:\Documents and Settings\pedro\Escritorio\ENCODER ABSOLUTO\Roman\Copia de ROMAN_FUNCIONA\ECAN.c
                 __FpExit   0x000b90    program     extern E:\3.46\pic18-lt\cxx-framework\src\traditional\math\packFP.asm
                 __FpPack   0x000bbc    program     extern E:\3.46\pic18-lt\cxx-framework\src\traditional\math\packFP.asm
            __FpReturnNaN   0x000b84    program     extern E:\3.46\pic18-lt\cxx-framework\src\traditional\math\packFP.asm
         __FpReturnNegInf   0x000b96    program     extern E:\3.46\pic18-lt\cxx-framework\src\traditional\math\packFP.asm
        __FpReturnNegZero   0x000bae    program     extern E:\3.46\pic18-lt\cxx-framework\src\traditional\math\packFP.asm
         __FpReturnPosInf   0x000b9c    program     extern E:\3.46\pic18-lt\cxx-framework\src\traditional\math\packFP.asm
        __FpReturnPosZero   0x000bb6    program     extern E:\3.46\pic18-lt\cxx-framework\src\traditional\math\packFP.asm
        __FpReturnSignInf   0x000b92    program     extern E:\3.46\pic18-lt\cxx-framework\src\traditional\math\packFP.asm
       __FpReturnSignZero   0x000baa    program     extern E:\3.46\pic18-lt\cxx-framework\src\traditional\math\packFP.asm
              __FpReturnW   0x000c14    program     extern E:\3.46\pic18-lt\cxx-framework\src\traditional\math\packFP.asm
              __FpUnPackA   0x000c34    program     extern E:\3.46\pic18-lt\cxx-framework\src\traditional\math\UnpackFP.asm
              __FpUnPackB   0x000c64    program     extern E:\3.46\pic18-lt\cxx-framework\src\traditional\math\UnpackFP.asm
       ___return_lbl00000   0x000004    program     static                          
       ___return_lbl00001   0x000e3a    program     static                          
       ___return_lbl00002   0x000d2c    program     static                          
               __config_0   0x300001    program     static C:\Documents and Settings\pedro\Escritorio\ENCODER ABSOLUTO\Roman\Copia de ROMAN_FUNCIONA\main.c
               __config_1   0x300002    program     static C:\Documents and Settings\pedro\Escritorio\ENCODER ABSOLUTO\Roman\Copia de ROMAN_FUNCIONA\main.c
               __config_2   0x300003    program     static C:\Documents and Settings\pedro\Escritorio\ENCODER ABSOLUTO\Roman\Copia de ROMAN_FUNCIONA\main.c
               __config_3   0x300005    program     static C:\Documents and Settings\pedro\Escritorio\ENCODER ABSOLUTO\Roman\Copia de ROMAN_FUNCIONA\main.c
               __config_4   0x300006    program     static C:\Documents and Settings\pedro\Escritorio\ENCODER ABSOLUTO\Roman\Copia de ROMAN_FUNCIONA\main.c
                   __init   0x000e52    program     extern E:\3.46\pic18-lt\cxx-framework\src\traditional\stdclib\__init.c
            __zero_memory   0x000e00    program     extern E:\3.46\pic18-lt\cxx-framework\src\traditional\proc\p18f2580.asm
                _do_cinit   0x000c90    program     extern E:\3.46\pic18-lt\cxx-framework\src\traditional\startup\c018i.c
                   _entry   0x000000    program     extern E:\3.46\pic18-lt\cxx-framework\src\traditional\startup\c018i.c
                 _startup   0x000e20    program     extern E:\3.46\pic18-lt\cxx-framework\src\traditional\startup\c018i.c
                compare_l   0x000e16    program     static E:\3.46\pic18-lt\cxx-framework\src\traditional\proc\p18f2580.asm
                copy_loop   0x000d02    program     static                          
            copy_one_byte   0x000d08    program     static                          
                     done   0x000d2c    program     static                          
             done_copying   0x000d16    program     static                          
                 jANotInf   0x000afc    program     static E:\3.46\pic18-lt\cxx-framework\src\traditional\math\divFP.asm
                jANotZero   0x000b10    program     static E:\3.46\pic18-lt\cxx-framework\src\traditional\math\divFP.asm
                jI2F16Beg   0x000ac8    program     static E:\3.46\pic18-lt\cxx-framework\src\traditional\math\cast16FP.asm
                    jLoop   0x000b38    program     static E:\3.46\pic18-lt\cxx-framework\src\traditional\math\divFP.asm
                    jNext   0x000b5e    program     static E:\3.46\pic18-lt\cxx-framework\src\traditional\math\divFP.asm
                jNoAdjust   0x000b5c    program     static E:\3.46\pic18-lt\cxx-framework\src\traditional\math\divFP.asm
                  jPkLoop   0x000bca    program     static E:\3.46\pic18-lt\cxx-framework\src\traditional\math\packFP.asm
             jPkRoundDone   0x000c14    program     static E:\3.46\pic18-lt\cxx-framework\src\traditional\math\packFP.asm
               jPkRoundIt   0x000bfc    program     static E:\3.46\pic18-lt\cxx-framework\src\traditional\math\packFP.asm
             jPkShiftDone   0x000be6    program     static E:\3.46\pic18-lt\cxx-framework\src\traditional\math\packFP.asm
           jReturnPosInf0   0x000ba0    program     static E:\3.46\pic18-lt\cxx-framework\src\traditional\math\packFP.asm
              jSignedZero   0x000b06    program     static E:\3.46\pic18-lt\cxx-framework\src\traditional\math\divFP.asm
                  jUnpkA1   0x000c3e    program     static E:\3.46\pic18-lt\cxx-framework\src\traditional\math\UnpackFP.asm
                  jUnpkA2   0x000c56    program     static E:\3.46\pic18-lt\cxx-framework\src\traditional\math\UnpackFP.asm
                 jUnpkANZ   0x000c4c    program     static E:\3.46\pic18-lt\cxx-framework\src\traditional\math\UnpackFP.asm
                  jUnpkB1   0x000c6e    program     static E:\3.46\pic18-lt\cxx-framework\src\traditional\math\UnpackFP.asm
                  jUnpkB2   0x000c86    program     static E:\3.46\pic18-lt\cxx-framework\src\traditional\math\UnpackFP.asm
                 jUnpkBNZ   0x000c7c    program     static E:\3.46\pic18-lt\cxx-framework\src\traditional\math\UnpackFP.asm
                 jUnpkNaN   0x000c60    program     static E:\3.46\pic18-lt\cxx-framework\src\traditional\math\UnpackFP.asm
               jZero1and2   0x000ba4    program     static E:\3.46\pic18-lt\cxx-framework\src\traditional\math\packFP.asm
                     loop   0x000e30    program     static                          
                   loop_h   0x000e0e    program     static E:\3.46\pic18-lt\cxx-framework\src\traditional\proc\p18f2580.asm
                   loop_l   0x000e18    program     static E:\3.46\pic18-lt\cxx-framework\src\traditional\proc\p18f2580.asm
                     main   0x000830    program     extern C:\Documents and Settings\pedro\Escritorio\ENCODER ABSOLUTO\Roman\Copia de ROMAN_FUNCIONA\main.c
                     test   0x000caa    program     static                          
               zero_block   0x000e0e    program     static E:\3.46\pic18-lt\cxx-framework\src\traditional\proc\p18f2580.asm
                   ADCON0   0x000fc2       data     extern E:\3.46\pic18-lt\cxx-framework\src\traditional\proc\p18f2580.asm
               ADCON0bits   0x000fc2       data     extern E:\3.46\pic18-lt\cxx-framework\src\traditional\proc\p18f2580.asm
                   ADCON1   0x000fc1       data     extern E:\3.46\pic18-lt\cxx-framework\src\traditional\proc\p18f2580.asm
               ADCON1bits   0x000fc1       data     extern E:\3.46\pic18-lt\cxx-framework\src\traditional\proc\p18f2580.asm
                   ADCON2   0x000fc0       data     extern E:\3.46\pic18-lt\cxx-framework\src\traditional\proc\p18f2580.asm
               ADCON2bits   0x000fc0       data     extern E:\3.46\pic18-lt\cxx-framework\src\traditional\proc\p18f2580.asm
                    ADRES   0x000fc3       data     extern E:\3.46\pic18-lt\cxx-framework\src\traditional\proc\p18f2580.asm
                   ADRESH   0x000fc4       data     extern E:\3.46\pic18-lt\cxx-framework\src\traditional\proc\p18f2580.asm
                   ADRESL   0x000fc3       data     extern E:\3.46\pic18-lt\cxx-framework\src\traditional\proc\p18f2580.asm
                    B0CON   0x000e20       data     extern E:\3.46\pic18-lt\cxx-framework\src\traditional\proc\p18f2580.asm
                B0CONbits   0x000e20       data     extern E:\3.46\pic18-lt\cxx-framework\src\traditional\proc\p18f2580.asm
                     B0D0   0x000e26       data     extern E:\3.46\pic18-lt\cxx-framework\src\traditional\proc\p18f2580.asm
                 B0D0bits   0x000e26       data     extern E:\3.46\pic18-lt\cxx-framework\src\traditional\proc\p18f2580.asm
                     B0D1   0x000e27       data     extern E:\3.46\pic18-lt\cxx-framework\src\traditional\proc\p18f2580.asm
                 B0D1bits   0x000e27       data     extern E:\3.46\pic18-lt\cxx-framework\src\traditional\proc\p18f2580.asm
                     B0D2   0x000e28       data     extern E:\3.46\pic18-lt\cxx-framework\src\traditional\proc\p18f2580.asm
                 B0D2bits   0x000e28       data     extern E:\3.46\pic18-lt\cxx-framework\src\traditional\proc\p18f2580.asm
                     B0D3   0x000e29       data     extern E:\3.46\pic18-lt\cxx-framework\src\traditional\proc\p18f2580.asm
                 B0D3bits   0x000e29       data     extern E:\3.46\pic18-lt\cxx-framework\src\traditional\proc\p18f2580.asm
                     B0D4   0x000e2a       data     extern E:\3.46\pic18-lt\cxx-framework\src\traditional\proc\p18f2580.asm
                 B0D4bits   0x000e2a       data     extern E:\3.46\pic18-lt\cxx-framework\src\traditional\proc\p18f2580.asm
                     B0D5   0x000e2b       data     extern E:\3.46\pic18-lt\cxx-framework\src\traditional\proc\p18f2580.asm
                 B0D5bits   0x000e2b       data     extern E:\3.46\pic18-lt\cxx-framework\src\traditional\proc\p18f2580.asm
                     B0D6   0x000e2c       data     extern E:\3.46\pic18-lt\cxx-framework\src\traditional\proc\p18f2580.asm
                 B0D6bits   0x000e2c       data     extern E:\3.46\pic18-lt\cxx-framework\src\traditional\proc\p18f2580.asm
                     B0D7   0x000e2d       data     extern E:\3.46\pic18-lt\cxx-framework\src\traditional\proc\p18f2580.asm
                 B0D7bits   0x000e2d       data     extern E:\3.46\pic18-lt\cxx-framework\src\traditional\proc\p18f2580.asm
                    B0DLC   0x000e25       data     extern E:\3.46\pic18-lt\cxx-framework\src\traditional\proc\p18f2580.asm
                B0DLCbits   0x000e25       data     extern E:\3.46\pic18-lt\cxx-framework\src\traditional\proc\p18f2580.asm
                   B0EIDH   0x000e23       data     extern E:\3.46\pic18-lt\cxx-framework\src\traditional\proc\p18f2580.asm
               B0EIDHbits   0x000e23       data     extern E:\3.46\pic18-lt\cxx-framework\src\traditional\proc\p18f2580.asm
                   B0EIDL   0x000e24       data     extern E:\3.46\pic18-lt\cxx-framework\src\traditional\proc\p18f2580.asm
               B0EIDLbits   0x000e24       data     extern E:\3.46\pic18-lt\cxx-framework\src\traditional\proc\p18f2580.asm
                   B0SIDH   0x000e21       data     extern E:\3.46\pic18-lt\cxx-framework\src\traditional\proc\p18f2580.asm
               B0SIDHbits   0x000e21       data     extern E:\3.46\pic18-lt\cxx-framework\src\traditional\proc\p18f2580.asm
                   B0SIDL   0x000e22       data     extern E:\3.46\pic18-lt\cxx-framework\src\traditional\proc\p18f2580.asm
               B0SIDLbits   0x000e22       data     extern E:\3.46\pic18-lt\cxx-framework\src\traditional\proc\p18f2580.asm
                    B1CON   0x000e30       data     extern E:\3.46\pic18-lt\cxx-framework\src\traditional\proc\p18f2580.asm
                B1CONbits   0x000e30       data     extern E:\3.46\pic18-lt\cxx-framework\src\traditional\proc\p18f2580.asm
                     B1D0   0x000e36       data     extern E:\3.46\pic18-lt\cxx-framework\src\traditional\proc\p18f2580.asm
                 B1D0bits   0x000e36       data     extern E:\3.46\pic18-lt\cxx-framework\src\traditional\proc\p18f2580.asm
                     B1D1   0x000e37       data     extern E:\3.46\pic18-lt\cxx-framework\src\traditional\proc\p18f2580.asm
                 B1D1bits   0x000e37       data     extern E:\3.46\pic18-lt\cxx-framework\src\traditional\proc\p18f2580.asm
                     B1D2   0x000e38       data     extern E:\3.46\pic18-lt\cxx-framework\src\traditional\proc\p18f2580.asm
                 B1D2bits   0x000e38       data     extern E:\3.46\pic18-lt\cxx-framework\src\traditional\proc\p18f2580.asm
                     B1D3   0x000e39       data     extern E:\3.46\pic18-lt\cxx-framework\src\traditional\proc\p18f2580.asm
                 B1D3bits   0x000e39       data     extern E:\3.46\pic18-lt\cxx-framework\src\traditional\proc\p18f2580.asm
                     B1D4   0x000e3a       data     extern E:\3.46\pic18-lt\cxx-framework\src\traditional\proc\p18f2580.asm
                 B1D4bits   0x000e3a       data     extern E:\3.46\pic18-lt\cxx-framework\src\traditional\proc\p18f2580.asm
                     B1D5   0x000e3b       data     extern E:\3.46\pic18-lt\cxx-framework\src\traditional\proc\p18f2580.asm
                 B1D5bits   0x000e3b       data     extern E:\3.46\pic18-lt\cxx-framework\src\traditional\proc\p18f2580.asm
                     B1D6   0x000e3c       data     extern E:\3.46\pic18-lt\cxx-framework\src\traditional\proc\p18f2580.asm
                 B1D6bits   0x000e3c       data     extern E:\3.46\pic18-lt\cxx-framework\src\traditional\proc\p18f2580.asm
                     B1D7   0x000e3d       data     extern E:\3.46\pic18-lt\cxx-framework\src\traditional\proc\p18f2580.asm
                 B1D7bits   0x000e3d       data     extern E:\3.46\pic18-lt\cxx-framework\src\traditional\proc\p18f2580.asm
                    B1DLC   0x000e35       data     extern E:\3.46\pic18-lt\cxx-framework\src\traditional\proc\p18f2580.asm
                B1DLCbits   0x000e35       data     extern E:\3.46\pic18-lt\cxx-framework\src\traditional\proc\p18f2580.asm
                   B1EIDH   0x000e33       data     extern E:\3.46\pic18-lt\cxx-framework\src\traditional\proc\p18f2580.asm
               B1EIDHbits   0x000e33       data     extern E:\3.46\pic18-lt\cxx-framework\src\traditional\proc\p18f2580.asm
                   B1EIDL   0x000e34       data     extern E:\3.46\pic18-lt\cxx-framework\src\traditional\proc\p18f2580.asm
               B1EIDLbits   0x000e34       data     extern E:\3.46\pic18-lt\cxx-framework\src\traditional\proc\p18f2580.asm
                   B1SIDH   0x000e31       data     extern E:\3.46\pic18-lt\cxx-framework\src\traditional\proc\p18f2580.asm
               B1SIDHbits   0x000e31       data     extern E:\3.46\pic18-lt\cxx-framework\src\traditional\proc\p18f2580.asm
                   B1SIDL   0x000e32       data     extern E:\3.46\pic18-lt\cxx-framework\src\traditional\proc\p18f2580.asm
               B1SIDLbits   0x000e32       data     extern E:\3.46\pic18-lt\cxx-framework\src\traditional\proc\p18f2580.asm
                    B2CON   0x000e40       data     extern E:\3.46\pic18-lt\cxx-framework\src\traditional\proc\p18f2580.asm
                B2CONbits   0x000e40       data     extern E:\3.46\pic18-lt\cxx-framework\src\traditional\proc\p18f2580.asm
                     B2D0   0x000e46       data     extern E:\3.46\pic18-lt\cxx-framework\src\traditional\proc\p18f2580.asm
                 B2D0bits   0x000e46       data     extern E:\3.46\pic18-lt\cxx-framework\src\traditional\proc\p18f2580.asm
                     B2D1   0x000e47       data     extern E:\3.46\pic18-lt\cxx-framework\src\traditional\proc\p18f2580.asm
                 B2D1bits   0x000e47       data     extern E:\3.46\pic18-lt\cxx-framework\src\traditional\proc\p18f2580.asm
                     B2D2   0x000e48       data     extern E:\3.46\pic18-lt\cxx-framework\src\traditional\proc\p18f2580.asm
                 B2D2bits   0x000e48       data     extern E:\3.46\pic18-lt\cxx-framework\src\traditional\proc\p18f2580.asm
                     B2D3   0x000e49       data     extern E:\3.46\pic18-lt\cxx-framework\src\traditional\proc\p18f2580.asm
                 B2D3bits   0x000e49       data     extern E:\3.46\pic18-lt\cxx-framework\src\traditional\proc\p18f2580.asm
                     B2D4   0x000e4a       data     extern E:\3.46\pic18-lt\cxx-framework\src\traditional\proc\p18f2580.asm
                 B2D4bits   0x000e4a       data     extern E:\3.46\pic18-lt\cxx-framework\src\traditional\proc\p18f2580.asm
                     B2D5   0x000e4b       data     extern E:\3.46\pic18-lt\cxx-framework\src\traditional\proc\p18f2580.asm
                 B2D5bits   0x000e4b       data     extern E:\3.46\pic18-lt\cxx-framework\src\traditional\proc\p18f2580.asm
                     B2D6   0x000e4c       data     extern E:\3.46\pic18-lt\cxx-framework\src\traditional\proc\p18f2580.asm
                 B2D6bits   0x000e4c       data     extern E:\3.46\pic18-lt\cxx-framework\src\traditional\proc\p18f2580.asm
                     B2D7   0x000e4d       data     extern E:\3.46\pic18-lt\cxx-framework\src\traditional\proc\p18f2580.asm
                 B2D7bits   0x000e4d       data     extern E:\3.46\pic18-lt\cxx-framework\src\traditional\proc\p18f2580.asm
                    B2DLC   0x000e45       data     extern E:\3.46\pic18-lt\cxx-framework\src\traditional\proc\p18f2580.asm
                B2DLCbits   0x000e45       data     extern E:\3.46\pic18-lt\cxx-framework\src\traditional\proc\p18f2580.asm
                   B2EIDH   0x000e43       data     extern E:\3.46\pic18-lt\cxx-framework\src\traditional\proc\p18f2580.asm
               B2EIDHbits   0x000e43       data     extern E:\3.46\pic18-lt\cxx-framework\src\traditional\proc\p18f2580.asm
                   B2EIDL   0x000e44       data     extern E:\3.46\pic18-lt\cxx-framework\src\traditional\proc\p18f2580.asm
               B2EIDLbits   0x000e44       data     extern E:\3.46\pic18-lt\cxx-framework\src\traditional\proc\p18f2580.asm
                   B2SIDH   0x000e41       data     extern E:\3.46\pic18-lt\cxx-framework\src\traditional\proc\p18f2580.asm
               B2SIDHbits   0x000e41       data     extern E:\3.46\pic18-lt\cxx-framework\src\traditional\proc\p18f2580.asm
                   B2SIDL   0x000e42       data     extern E:\3.46\pic18-lt\cxx-framework\src\traditional\proc\p18f2580.asm
               B2SIDLbits   0x000e42       data     extern E:\3.46\pic18-lt\cxx-framework\src\traditional\proc\p18f2580.asm
                    B3CON   0x000e50       data     extern E:\3.46\pic18-lt\cxx-framework\src\traditional\proc\p18f2580.asm
                B3CONbits   0x000e50       data     extern E:\3.46\pic18-lt\cxx-framework\src\traditional\proc\p18f2580.asm
                     B3D0   0x000e56       data     extern E:\3.46\pic18-lt\cxx-framework\src\traditional\proc\p18f2580.asm
                 B3D0bits   0x000e56       data     extern E:\3.46\pic18-lt\cxx-framework\src\traditional\proc\p18f2580.asm
                     B3D1   0x000e57       data     extern E:\3.46\pic18-lt\cxx-framework\src\traditional\proc\p18f2580.asm
                 B3D1bits   0x000e57       data     extern E:\3.46\pic18-lt\cxx-framework\src\traditional\proc\p18f2580.asm
                     B3D2   0x000e58       data     extern E:\3.46\pic18-lt\cxx-framework\src\traditional\proc\p18f2580.asm
                 B3D2bits   0x000e58       data     extern E:\3.46\pic18-lt\cxx-framework\src\traditional\proc\p18f2580.asm
                     B3D3   0x000e59       data     extern E:\3.46\pic18-lt\cxx-framework\src\traditional\proc\p18f2580.asm
                 B3D3bits   0x000e59       data     extern E:\3.46\pic18-lt\cxx-framework\src\traditional\proc\p18f2580.asm
                     B3D4   0x000e5a       data     extern E:\3.46\pic18-lt\cxx-framework\src\traditional\proc\p18f2580.asm
                 B3D4bits   0x000e5a       data     extern E:\3.46\pic18-lt\cxx-framework\src\traditional\proc\p18f2580.asm
                     B3D5   0x000e5b       data     extern E:\3.46\pic18-lt\cxx-framework\src\traditional\proc\p18f2580.asm
                 B3D5bits   0x000e5b       data     extern E:\3.46\pic18-lt\cxx-framework\src\traditional\proc\p18f2580.asm
                     B3D6   0x000e5c       data     extern E:\3.46\pic18-lt\cxx-framework\src\traditional\proc\p18f2580.asm
                 B3D6bits   0x000e5c       data     extern E:\3.46\pic18-lt\cxx-framework\src\traditional\proc\p18f2580.asm
                     B3D7   0x000e5d       data     extern E:\3.46\pic18-lt\cxx-framework\src\traditional\proc\p18f2580.asm
                 B3D7bits   0x000e5d       data     extern E:\3.46\pic18-lt\cxx-framework\src\traditional\proc\p18f2580.asm
                    B3DLC   0x000e55       data     extern E:\3.46\pic18-lt\cxx-framework\src\traditional\proc\p18f2580.asm
                B3DLCbits   0x000e55       data     extern E:\3.46\pic18-lt\cxx-framework\src\traditional\proc\p18f2580.asm
                   B3EIDH   0x000e53       data     extern E:\3.46\pic18-lt\cxx-framework\src\traditional\proc\p18f2580.asm
               B3EIDHbits   0x000e53       data     extern E:\3.46\pic18-lt\cxx-framework\src\traditional\proc\p18f2580.asm
                   B3EIDL   0x000e54       data     extern E:\3.46\pic18-lt\cxx-framework\src\traditional\proc\p18f2580.asm
               B3EIDLbits   0x000e54       data     extern E:\3.46\pic18-lt\cxx-framework\src\traditional\proc\p18f2580.asm
                   B3SIDH   0x000e51       data     extern E:\3.46\pic18-lt\cxx-framework\src\traditional\proc\p18f2580.asm
               B3SIDHbits   0x000e51       data     extern E:\3.46\pic18-lt\cxx-framework\src\traditional\proc\p18f2580.asm
                   B3SIDL   0x000e52       data     extern E:\3.46\pic18-lt\cxx-framework\src\traditional\proc\p18f2580.asm
               B3SIDLbits   0x000e52       data     extern E:\3.46\pic18-lt\cxx-framework\src\traditional\proc\p18f2580.asm
                    B4CON   0x000e60       data     extern E:\3.46\pic18-lt\cxx-framework\src\traditional\proc\p18f2580.asm
                B4CONbits   0x000e60       data     extern E:\3.46\pic18-lt\cxx-framework\src\traditional\proc\p18f2580.asm
                     B4D0   0x000e66       data     extern E:\3.46\pic18-lt\cxx-framework\src\traditional\proc\p18f2580.asm
                 B4D0bits   0x000e66       data     extern E:\3.46\pic18-lt\cxx-framework\src\traditional\proc\p18f2580.asm
                     B4D1   0x000e67       data     extern E:\3.46\pic18-lt\cxx-framework\src\traditional\proc\p18f2580.asm
                 B4D1bits   0x000e67       data     extern E:\3.46\pic18-lt\cxx-framework\src\traditional\proc\p18f2580.asm
                     B4D2   0x000e68       data     extern E:\3.46\pic18-lt\cxx-framework\src\traditional\proc\p18f2580.asm
                 B4D2bits   0x000e68       data     extern E:\3.46\pic18-lt\cxx-framework\src\traditional\proc\p18f2580.asm
                     B4D3   0x000e69       data     extern E:\3.46\pic18-lt\cxx-framework\src\traditional\proc\p18f2580.asm
                 B4D3bits   0x000e69       data     extern E:\3.46\pic18-lt\cxx-framework\src\traditional\proc\p18f2580.asm
                     B4D4   0x000e6a       data     extern E:\3.46\pic18-lt\cxx-framework\src\traditional\proc\p18f2580.asm
                 B4D4bits   0x000e6a       data     extern E:\3.46\pic18-lt\cxx-framework\src\traditional\proc\p18f2580.asm
                     B4D5   0x000e6b       data     extern E:\3.46\pic18-lt\cxx-framework\src\traditional\proc\p18f2580.asm
                 B4D5bits   0x000e6b       data     extern E:\3.46\pic18-lt\cxx-framework\src\traditional\proc\p18f2580.asm
                     B4D6   0x000e6c       data     extern E:\3.46\pic18-lt\cxx-framework\src\traditional\proc\p18f2580.asm
                 B4D6bits   0x000e6c       data     extern E:\3.46\pic18-lt\cxx-framework\src\traditional\proc\p18f2580.asm
                     B4D7   0x000e6d       data     extern E:\3.46\pic18-lt\cxx-framework\src\traditional\proc\p18f2580.asm
                 B4D7bits   0x000e6d       data     extern E:\3.46\pic18-lt\cxx-framework\src\traditional\proc\p18f2580.asm
                    B4DLC   0x000e65       data     extern E:\3.46\pic18-lt\cxx-framework\src\traditional\proc\p18f2580.asm
                B4DLCbits   0x000e65       data     extern E:\3.46\pic18-lt\cxx-framework\src\traditional\proc\p18f2580.asm
                   B4EIDH   0x000e63       data     extern E:\3.46\pic18-lt\cxx-framework\src\traditional\proc\p18f2580.asm
               B4EIDHbits   0x000e63       data     extern E:\3.46\pic18-lt\cxx-framework\src\traditional\proc\p18f2580.asm
                   B4EIDL   0x000e64       data     extern E:\3.46\pic18-lt\cxx-framework\src\traditional\proc\p18f2580.asm
               B4EIDLbits   0x000e64       data     extern E:\3.46\pic18-lt\cxx-framework\src\traditional\proc\p18f2580.asm
                   B4SIDH   0x000e61       data     extern E:\3.46\pic18-lt\cxx-framework\src\traditional\proc\p18f2580.asm
               B4SIDHbits   0x000e61       data     extern E:\3.46\pic18-lt\cxx-framework\src\traditional\proc\p18f2580.asm
                   B4SIDL   0x000e62       data     extern E:\3.46\pic18-lt\cxx-framework\src\traditional\proc\p18f2580.asm
               B4SIDLbits   0x000e62       data     extern E:\3.46\pic18-lt\cxx-framework\src\traditional\proc\p18f2580.asm
                    B5CON   0x000e70       data     extern E:\3.46\pic18-lt\cxx-framework\src\traditional\proc\p18f2580.asm
                B5CONbits   0x000e70       data     extern E:\3.46\pic18-lt\cxx-framework\src\traditional\proc\p18f2580.asm
                     B5D0   0x000e76       data     extern E:\3.46\pic18-lt\cxx-framework\src\traditional\proc\p18f2580.asm
                 B5D0bits   0x000e76       data     extern E:\3.46\pic18-lt\cxx-framework\src\traditional\proc\p18f2580.asm
                     B5D1   0x000e77       data     extern E:\3.46\pic18-lt\cxx-framework\src\traditional\proc\p18f2580.asm
                 B5D1bits   0x000e77       data     extern E:\3.46\pic18-lt\cxx-framework\src\traditional\proc\p18f2580.asm
                     B5D2   0x000e78       data     extern E:\3.46\pic18-lt\cxx-framework\src\traditional\proc\p18f2580.asm
                 B5D2bits   0x000e78       data     extern E:\3.46\pic18-lt\cxx-framework\src\traditional\proc\p18f2580.asm
                     B5D3   0x000e79       data     extern E:\3.46\pic18-lt\cxx-framework\src\traditional\proc\p18f2580.asm
                 B5D3bits   0x000e79       data     extern E:\3.46\pic18-lt\cxx-framework\src\traditional\proc\p18f2580.asm
                     B5D4   0x000e7a       data     extern E:\3.46\pic18-lt\cxx-framework\src\traditional\proc\p18f2580.asm
                 B5D4bits   0x000e7a       data     extern E:\3.46\pic18-lt\cxx-framework\src\traditional\proc\p18f2580.asm
                     B5D5   0x000e7b       data     extern E:\3.46\pic18-lt\cxx-framework\src\traditional\proc\p18f2580.asm
                 B5D5bits   0x000e7b       data     extern E:\3.46\pic18-lt\cxx-framework\src\traditional\proc\p18f2580.asm
                     B5D6   0x000e7c       data     extern E:\3.46\pic18-lt\cxx-framework\src\traditional\proc\p18f2580.asm
                 B5D6bits   0x000e7c       data     extern E:\3.46\pic18-lt\cxx-framework\src\traditional\proc\p18f2580.asm
                     B5D7   0x000e7d       data     extern E:\3.46\pic18-lt\cxx-framework\src\traditional\proc\p18f2580.asm
                 B5D7bits   0x000e7d       data     extern E:\3.46\pic18-lt\cxx-framework\src\traditional\proc\p18f2580.asm
                    B5DLC   0x000e75       data     extern E:\3.46\pic18-lt\cxx-framework\src\traditional\proc\p18f2580.asm
                B5DLCbits   0x000e75       data     extern E:\3.46\pic18-lt\cxx-framework\src\traditional\proc\p18f2580.asm
                   B5EIDH   0x000e73       data     extern E:\3.46\pic18-lt\cxx-framework\src\traditional\proc\p18f2580.asm
               B5EIDHbits   0x000e73       data     extern E:\3.46\pic18-lt\cxx-framework\src\traditional\proc\p18f2580.asm
                   B5EIDL   0x000e74       data     extern E:\3.46\pic18-lt\cxx-framework\src\traditional\proc\p18f2580.asm
               B5EIDLbits   0x000e74       data     extern E:\3.46\pic18-lt\cxx-framework\src\traditional\proc\p18f2580.asm
                   B5SIDH   0x000e71       data     extern E:\3.46\pic18-lt\cxx-framework\src\traditional\proc\p18f2580.asm
               B5SIDHbits   0x000e71       data     extern E:\3.46\pic18-lt\cxx-framework\src\traditional\proc\p18f2580.asm
                   B5SIDL   0x000e72       data     extern E:\3.46\pic18-lt\cxx-framework\src\traditional\proc\p18f2580.asm
               B5SIDLbits   0x000e72       data     extern E:\3.46\pic18-lt\cxx-framework\src\traditional\proc\p18f2580.asm
                  BAUDCON   0x000fb8       data     extern E:\3.46\pic18-lt\cxx-framework\src\traditional\proc\p18f2580.asm
              BAUDCONbits   0x000fb8       data     extern E:\3.46\pic18-lt\cxx-framework\src\traditional\proc\p18f2580.asm
                  BAUDCTL   0x000fb8       data     extern E:\3.46\pic18-lt\cxx-framework\src\traditional\proc\p18f2580.asm
              BAUDCTLbits   0x000fb8       data     extern E:\3.46\pic18-lt\cxx-framework\src\traditional\proc\p18f2580.asm
                     BIE0   0x000dfa       data     extern E:\3.46\pic18-lt\cxx-framework\src\traditional\proc\p18f2580.asm
                 BIE0bits   0x000dfa       data     extern E:\3.46\pic18-lt\cxx-framework\src\traditional\proc\p18f2580.asm
                  BRGCON1   0x000f70       data     extern E:\3.46\pic18-lt\cxx-framework\src\traditional\proc\p18f2580.asm
              BRGCON1bits   0x000f70       data     extern E:\3.46\pic18-lt\cxx-framework\src\traditional\proc\p18f2580.asm
                  BRGCON2   0x000f71       data     extern E:\3.46\pic18-lt\cxx-framework\src\traditional\proc\p18f2580.asm
              BRGCON2bits   0x000f71       data     extern E:\3.46\pic18-lt\cxx-framework\src\traditional\proc\p18f2580.asm
                  BRGCON3   0x000f72       data     extern E:\3.46\pic18-lt\cxx-framework\src\traditional\proc\p18f2580.asm
              BRGCON3bits   0x000f72       data     extern E:\3.46\pic18-lt\cxx-framework\src\traditional\proc\p18f2580.asm
                    BSEL0   0x000df8       data     extern E:\3.46\pic18-lt\cxx-framework\src\traditional\proc\p18f2580.asm
                BSEL0bits   0x000df8       data     extern E:\3.46\pic18-lt\cxx-framework\src\traditional\proc\p18f2580.asm
                      BSR   0x000fe0       data     extern E:\3.46\pic18-lt\cxx-framework\src\traditional\proc\p18f2580.asm
                   CANCON   0x000f6f       data     extern E:\3.46\pic18-lt\cxx-framework\src\traditional\proc\p18f2580.asm
               CANCON_RO0   0x000f5f       data     extern E:\3.46\pic18-lt\cxx-framework\src\traditional\proc\p18f2580.asm
           CANCON_RO0bits   0x000f5f       data     extern E:\3.46\pic18-lt\cxx-framework\src\traditional\proc\p18f2580.asm
               CANCON_RO1   0x000f4f       data     extern E:\3.46\pic18-lt\cxx-framework\src\traditional\proc\p18f2580.asm
           CANCON_RO1bits   0x000f4f       data     extern E:\3.46\pic18-lt\cxx-framework\src\traditional\proc\p18f2580.asm
               CANCON_RO2   0x000f3f       data     extern E:\3.46\pic18-lt\cxx-framework\src\traditional\proc\p18f2580.asm
           CANCON_RO2bits   0x000f3f       data     extern E:\3.46\pic18-lt\cxx-framework\src\traditional\proc\p18f2580.asm
               CANCON_RO3   0x000f2f       data     extern E:\3.46\pic18-lt\cxx-framework\src\traditional\proc\p18f2580.asm
           CANCON_RO3bits   0x000f2f       data     extern E:\3.46\pic18-lt\cxx-framework\src\traditional\proc\p18f2580.asm
               CANCON_RO4   0x000e7f       data     extern E:\3.46\pic18-lt\cxx-framework\src\traditional\proc\p18f2580.asm
           CANCON_RO4bits   0x000e7f       data     extern E:\3.46\pic18-lt\cxx-framework\src\traditional\proc\p18f2580.asm
               CANCON_RO5   0x000e6f       data     extern E:\3.46\pic18-lt\cxx-framework\src\traditional\proc\p18f2580.asm
           CANCON_RO5bits   0x000e6f       data     extern E:\3.46\pic18-lt\cxx-framework\src\traditional\proc\p18f2580.asm
               CANCON_RO6   0x000e5f       data     extern E:\3.46\pic18-lt\cxx-framework\src\traditional\proc\p18f2580.asm
           CANCON_RO6bits   0x000e5f       data     extern E:\3.46\pic18-lt\cxx-framework\src\traditional\proc\p18f2580.asm
               CANCON_RO7   0x000e4f       data     extern E:\3.46\pic18-lt\cxx-framework\src\traditional\proc\p18f2580.asm
           CANCON_RO7bits   0x000e4f       data     extern E:\3.46\pic18-lt\cxx-framework\src\traditional\proc\p18f2580.asm
               CANCON_RO8   0x000e3f       data     extern E:\3.46\pic18-lt\cxx-framework\src\traditional\proc\p18f2580.asm
           CANCON_RO8bits   0x000e3f       data     extern E:\3.46\pic18-lt\cxx-framework\src\traditional\proc\p18f2580.asm
               CANCON_RO9   0x000e2f       data     extern E:\3.46\pic18-lt\cxx-framework\src\traditional\proc\p18f2580.asm
           CANCON_RO9bits   0x000e2f       data     extern E:\3.46\pic18-lt\cxx-framework\src\traditional\proc\p18f2580.asm
               CANCONbits   0x000f6f       data     extern E:\3.46\pic18-lt\cxx-framework\src\traditional\proc\p18f2580.asm
                  CANSTAT   0x000f6e       data     extern E:\3.46\pic18-lt\cxx-framework\src\traditional\proc\p18f2580.asm
              CANSTAT_RO0   0x000f5e       data     extern E:\3.46\pic18-lt\cxx-framework\src\traditional\proc\p18f2580.asm
          CANSTAT_RO0bits   0x000f5e       data     extern E:\3.46\pic18-lt\cxx-framework\src\traditional\proc\p18f2580.asm
              CANSTAT_RO1   0x000f4e       data     extern E:\3.46\pic18-lt\cxx-framework\src\traditional\proc\p18f2580.asm
          CANSTAT_RO1bits   0x000f4e       data     extern E:\3.46\pic18-lt\cxx-framework\src\traditional\proc\p18f2580.asm
              CANSTAT_RO2   0x000f3e       data     extern E:\3.46\pic18-lt\cxx-framework\src\traditional\proc\p18f2580.asm
          CANSTAT_RO2bits   0x000f3e       data     extern E:\3.46\pic18-lt\cxx-framework\src\traditional\proc\p18f2580.asm
              CANSTAT_RO3   0x000f2e       data     extern E:\3.46\pic18-lt\cxx-framework\src\traditional\proc\p18f2580.asm
          CANSTAT_RO3bits   0x000f2e       data     extern E:\3.46\pic18-lt\cxx-framework\src\traditional\proc\p18f2580.asm
              CANSTAT_RO4   0x000e7e       data     extern E:\3.46\pic18-lt\cxx-framework\src\traditional\proc\p18f2580.asm
          CANSTAT_RO4bits   0x000e7e       data     extern E:\3.46\pic18-lt\cxx-framework\src\traditional\proc\p18f2580.asm
              CANSTAT_RO5   0x000e6e       data     extern E:\3.46\pic18-lt\cxx-framework\src\traditional\proc\p18f2580.asm
          CANSTAT_RO5bits   0x000e6e       data     extern E:\3.46\pic18-lt\cxx-framework\src\traditional\proc\p18f2580.asm
              CANSTAT_RO6   0x000e5e       data     extern E:\3.46\pic18-lt\cxx-framework\src\traditional\proc\p18f2580.asm
          CANSTAT_RO6bits   0x000e5e       data     extern E:\3.46\pic18-lt\cxx-framework\src\traditional\proc\p18f2580.asm
              CANSTAT_RO7   0x000e4e       data     extern E:\3.46\pic18-lt\cxx-framework\src\traditional\proc\p18f2580.asm
          CANSTAT_RO7bits   0x000e4e       data     extern E:\3.46\pic18-lt\cxx-framework\src\traditional\proc\p18f2580.asm
              CANSTAT_RO8   0x000e3e       data     extern E:\3.46\pic18-lt\cxx-framework\src\traditional\proc\p18f2580.asm
          CANSTAT_RO8bits   0x000e3e       data     extern E:\3.46\pic18-lt\cxx-framework\src\traditional\proc\p18f2580.asm
              CANSTAT_RO9   0x000e2e       data     extern E:\3.46\pic18-lt\cxx-framework\src\traditional\proc\p18f2580.asm
          CANSTAT_RO9bits   0x000e2e       data     extern E:\3.46\pic18-lt\cxx-framework\src\traditional\proc\p18f2580.asm
              CANSTATbits   0x000f6e       data     extern E:\3.46\pic18-lt\cxx-framework\src\traditional\proc\p18f2580.asm
                  CCP1CON   0x000fbd       data     extern E:\3.46\pic18-lt\cxx-framework\src\traditional\proc\p18f2580.asm
              CCP1CONbits   0x000fbd       data     extern E:\3.46\pic18-lt\cxx-framework\src\traditional\proc\p18f2580.asm
                    CCPR1   0x000fbe       data     extern E:\3.46\pic18-lt\cxx-framework\src\traditional\proc\p18f2580.asm
                   CCPR1H   0x000fbf       data     extern E:\3.46\pic18-lt\cxx-framework\src\traditional\proc\p18f2580.asm
                   CCPR1L   0x000fbe       data     extern E:\3.46\pic18-lt\cxx-framework\src\traditional\proc\p18f2580.asm
                   CIOCON   0x000f73       data     extern E:\3.46\pic18-lt\cxx-framework\src\traditional\proc\p18f2580.asm
               CIOCONbits   0x000f73       data     extern E:\3.46\pic18-lt\cxx-framework\src\traditional\proc\p18f2580.asm
                  COMSTAT   0x000f74       data     extern E:\3.46\pic18-lt\cxx-framework\src\traditional\proc\p18f2580.asm
              COMSTATbits   0x000f74       data     extern E:\3.46\pic18-lt\cxx-framework\src\traditional\proc\p18f2580.asm
                     DDRA   0x000f92       data     extern E:\3.46\pic18-lt\cxx-framework\src\traditional\proc\p18f2580.asm
                 DDRAbits   0x000f92       data     extern E:\3.46\pic18-lt\cxx-framework\src\traditional\proc\p18f2580.asm
                     DDRB   0x000f93       data     extern E:\3.46\pic18-lt\cxx-framework\src\traditional\proc\p18f2580.asm
                 DDRBbits   0x000f93       data     extern E:\3.46\pic18-lt\cxx-framework\src\traditional\proc\p18f2580.asm
                     DDRC   0x000f94       data     extern E:\3.46\pic18-lt\cxx-framework\src\traditional\proc\p18f2580.asm
                 DDRCbits   0x000f94       data     extern E:\3.46\pic18-lt\cxx-framework\src\traditional\proc\p18f2580.asm
            DelayCounter1   0x000019       data     extern E:\3.46\pic18-lt\cxx-framework\src\traditional\delays\delayd1.asm
            DelayCounter2   0x000018       data     extern E:\3.46\pic18-lt\cxx-framework\src\traditional\delays\delayd2.asm
                  ECANCON   0x000f77       data     extern E:\3.46\pic18-lt\cxx-framework\src\traditional\proc\p18f2580.asm
              ECANCONbits   0x000f77       data     extern E:\3.46\pic18-lt\cxx-framework\src\traditional\proc\p18f2580.asm
                 ECCP1DEL   0x000fb7       data     extern E:\3.46\pic18-lt\cxx-framework\src\traditional\proc\p18f2580.asm
             ECCP1DELbits   0x000fb7       data     extern E:\3.46\pic18-lt\cxx-framework\src\traditional\proc\p18f2580.asm
                    EEADR   0x000fa9       data     extern E:\3.46\pic18-lt\cxx-framework\src\traditional\proc\p18f2580.asm
                   EECON1   0x000fa6       data     extern E:\3.46\pic18-lt\cxx-framework\src\traditional\proc\p18f2580.asm
               EECON1bits   0x000fa6       data     extern E:\3.46\pic18-lt\cxx-framework\src\traditional\proc\p18f2580.asm
                   EECON2   0x000fa7       data     extern E:\3.46\pic18-lt\cxx-framework\src\traditional\proc\p18f2580.asm
                   EEDATA   0x000fa8       data     extern E:\3.46\pic18-lt\cxx-framework\src\traditional\proc\p18f2580.asm
                     FSR0   0x000fe9       data     extern E:\3.46\pic18-lt\cxx-framework\src\traditional\proc\p18f2580.asm
                    FSR0H   0x000fea       data     extern E:\3.46\pic18-lt\cxx-framework\src\traditional\proc\p18f2580.asm
                    FSR0L   0x000fe9       data     extern E:\3.46\pic18-lt\cxx-framework\src\traditional\proc\p18f2580.asm
                     FSR1   0x000fe1       data     extern E:\3.46\pic18-lt\cxx-framework\src\traditional\proc\p18f2580.asm
                    FSR1H   0x000fe2       data     extern E:\3.46\pic18-lt\cxx-framework\src\traditional\proc\p18f2580.asm
                    FSR1L   0x000fe1       data     extern E:\3.46\pic18-lt\cxx-framework\src\traditional\proc\p18f2580.asm
                     FSR2   0x000fd9       data     extern E:\3.46\pic18-lt\cxx-framework\src\traditional\proc\p18f2580.asm
                    FSR2H   0x000fda       data     extern E:\3.46\pic18-lt\cxx-framework\src\traditional\proc\p18f2580.asm
                    FSR2L   0x000fd9       data     extern E:\3.46\pic18-lt\cxx-framework\src\traditional\proc\p18f2580.asm
                  HLVDCON   0x000fd2       data     extern E:\3.46\pic18-lt\cxx-framework\src\traditional\proc\p18f2580.asm
              HLVDCONbits   0x000fd2       data     extern E:\3.46\pic18-lt\cxx-framework\src\traditional\proc\p18f2580.asm
                    INDF0   0x000fef       data     extern E:\3.46\pic18-lt\cxx-framework\src\traditional\proc\p18f2580.asm
                    INDF1   0x000fe7       data     extern E:\3.46\pic18-lt\cxx-framework\src\traditional\proc\p18f2580.asm
                    INDF2   0x000fdf       data     extern E:\3.46\pic18-lt\cxx-framework\src\traditional\proc\p18f2580.asm
                   INTCON   0x000ff2       data     extern E:\3.46\pic18-lt\cxx-framework\src\traditional\proc\p18f2580.asm
                  INTCON2   0x000ff1       data     extern E:\3.46\pic18-lt\cxx-framework\src\traditional\proc\p18f2580.asm
              INTCON2bits   0x000ff1       data     extern E:\3.46\pic18-lt\cxx-framework\src\traditional\proc\p18f2580.asm
                  INTCON3   0x000ff0       data     extern E:\3.46\pic18-lt\cxx-framework\src\traditional\proc\p18f2580.asm
              INTCON3bits   0x000ff0       data     extern E:\3.46\pic18-lt\cxx-framework\src\traditional\proc\p18f2580.asm
               INTCONbits   0x000ff2       data     extern E:\3.46\pic18-lt\cxx-framework\src\traditional\proc\p18f2580.asm
                     IPR1   0x000f9f       data     extern E:\3.46\pic18-lt\cxx-framework\src\traditional\proc\p18f2580.asm
                 IPR1bits   0x000f9f       data     extern E:\3.46\pic18-lt\cxx-framework\src\traditional\proc\p18f2580.asm
                     IPR2   0x000fa2       data     extern E:\3.46\pic18-lt\cxx-framework\src\traditional\proc\p18f2580.asm
                 IPR2bits   0x000fa2       data     extern E:\3.46\pic18-lt\cxx-framework\src\traditional\proc\p18f2580.asm
                     IPR3   0x000fa5       data     extern E:\3.46\pic18-lt\cxx-framework\src\traditional\proc\p18f2580.asm
                 IPR3bits   0x000fa5       data     extern E:\3.46\pic18-lt\cxx-framework\src\traditional\proc\p18f2580.asm
                     LATA   0x000f89       data     extern E:\3.46\pic18-lt\cxx-framework\src\traditional\proc\p18f2580.asm
                 LATAbits   0x000f89       data     extern E:\3.46\pic18-lt\cxx-framework\src\traditional\proc\p18f2580.asm
                     LATB   0x000f8a       data     extern E:\3.46\pic18-lt\cxx-framework\src\traditional\proc\p18f2580.asm
                 LATBbits   0x000f8a       data     extern E:\3.46\pic18-lt\cxx-framework\src\traditional\proc\p18f2580.asm
                     LATC   0x000f8b       data     extern E:\3.46\pic18-lt\cxx-framework\src\traditional\proc\p18f2580.asm
                 LATCbits   0x000f8b       data     extern E:\3.46\pic18-lt\cxx-framework\src\traditional\proc\p18f2580.asm
                   LVDCON   0x000fd2       data     extern E:\3.46\pic18-lt\cxx-framework\src\traditional\proc\p18f2580.asm
               LVDCONbits   0x000fd2       data     extern E:\3.46\pic18-lt\cxx-framework\src\traditional\proc\p18f2580.asm
                    MSEL0   0x000df0       data     extern E:\3.46\pic18-lt\cxx-framework\src\traditional\proc\p18f2580.asm
                MSEL0bits   0x000df0       data     extern E:\3.46\pic18-lt\cxx-framework\src\traditional\proc\p18f2580.asm
                    MSEL1   0x000df1       data     extern E:\3.46\pic18-lt\cxx-framework\src\traditional\proc\p18f2580.asm
                MSEL1bits   0x000df1       data     extern E:\3.46\pic18-lt\cxx-framework\src\traditional\proc\p18f2580.asm
                    MSEL2   0x000df2       data     extern E:\3.46\pic18-lt\cxx-framework\src\traditional\proc\p18f2580.asm
                MSEL2bits   0x000df2       data     extern E:\3.46\pic18-lt\cxx-framework\src\traditional\proc\p18f2580.asm
                    MSEL3   0x000df3       data     extern E:\3.46\pic18-lt\cxx-framework\src\traditional\proc\p18f2580.asm
                MSEL3bits   0x000df3       data     extern E:\3.46\pic18-lt\cxx-framework\src\traditional\proc\p18f2580.asm
                   OSCCON   0x000fd3       data     extern E:\3.46\pic18-lt\cxx-framework\src\traditional\proc\p18f2580.asm
               OSCCONbits   0x000fd3       data     extern E:\3.46\pic18-lt\cxx-framework\src\traditional\proc\p18f2580.asm
                  OSCTUNE   0x000f9b       data     extern E:\3.46\pic18-lt\cxx-framework\src\traditional\proc\p18f2580.asm
              OSCTUNEbits   0x000f9b       data     extern E:\3.46\pic18-lt\cxx-framework\src\traditional\proc\p18f2580.asm
                       PC   0x000ff9       data     extern E:\3.46\pic18-lt\cxx-framework\src\traditional\proc\p18f2580.asm
                      PCL   0x000ff9       data     extern E:\3.46\pic18-lt\cxx-framework\src\traditional\proc\p18f2580.asm
                   PCLATH   0x000ffa       data     extern E:\3.46\pic18-lt\cxx-framework\src\traditional\proc\p18f2580.asm
                   PCLATU   0x000ffb       data     extern E:\3.46\pic18-lt\cxx-framework\src\traditional\proc\p18f2580.asm
                     PIE1   0x000f9d       data     extern E:\3.46\pic18-lt\cxx-framework\src\traditional\proc\p18f2580.asm
                 PIE1bits   0x000f9d       data     extern E:\3.46\pic18-lt\cxx-framework\src\traditional\proc\p18f2580.asm
                     PIE2   0x000fa0       data     extern E:\3.46\pic18-lt\cxx-framework\src\traditional\proc\p18f2580.asm
                 PIE2bits   0x000fa0       data     extern E:\3.46\pic18-lt\cxx-framework\src\traditional\proc\p18f2580.asm
                     PIE3   0x000fa3       data     extern E:\3.46\pic18-lt\cxx-framework\src\traditional\proc\p18f2580.asm
                 PIE3bits   0x000fa3       data     extern E:\3.46\pic18-lt\cxx-framework\src\traditional\proc\p18f2580.asm
                     PIR1   0x000f9e       data     extern E:\3.46\pic18-lt\cxx-framework\src\traditional\proc\p18f2580.asm
                 PIR1bits   0x000f9e       data     extern E:\3.46\pic18-lt\cxx-framework\src\traditional\proc\p18f2580.asm
                     PIR2   0x000fa1       data     extern E:\3.46\pic18-lt\cxx-framework\src\traditional\proc\p18f2580.asm
                 PIR2bits   0x000fa1       data     extern E:\3.46\pic18-lt\cxx-framework\src\traditional\proc\p18f2580.asm
                     PIR3   0x000fa4       data     extern E:\3.46\pic18-lt\cxx-framework\src\traditional\proc\p18f2580.asm
                 PIR3bits   0x000fa4       data     extern E:\3.46\pic18-lt\cxx-framework\src\traditional\proc\p18f2580.asm
                   PLUSW0   0x000feb       data     extern E:\3.46\pic18-lt\cxx-framework\src\traditional\proc\p18f2580.asm
                   PLUSW1   0x000fe3       data     extern E:\3.46\pic18-lt\cxx-framework\src\traditional\proc\p18f2580.asm
                   PLUSW2   0x000fdb       data     extern E:\3.46\pic18-lt\cxx-framework\src\traditional\proc\p18f2580.asm
                    PORTA   0x000f80       data     extern E:\3.46\pic18-lt\cxx-framework\src\traditional\proc\p18f2580.asm
                PORTAbits   0x000f80       data     extern E:\3.46\pic18-lt\cxx-framework\src\traditional\proc\p18f2580.asm
                    PORTB   0x000f81       data     extern E:\3.46\pic18-lt\cxx-framework\src\traditional\proc\p18f2580.asm
                PORTBbits   0x000f81       data     extern E:\3.46\pic18-lt\cxx-framework\src\traditional\proc\p18f2580.asm
                    PORTC   0x000f82       data     extern E:\3.46\pic18-lt\cxx-framework\src\traditional\proc\p18f2580.asm
                PORTCbits   0x000f82       data     extern E:\3.46\pic18-lt\cxx-framework\src\traditional\proc\p18f2580.asm
                    PORTE   0x000f84       data     extern E:\3.46\pic18-lt\cxx-framework\src\traditional\proc\p18f2580.asm
                PORTEbits   0x000f84       data     extern E:\3.46\pic18-lt\cxx-framework\src\traditional\proc\p18f2580.asm
                 POSTDEC0   0x000fed       data     extern E:\3.46\pic18-lt\cxx-framework\src\traditional\proc\p18f2580.asm
                 POSTDEC1   0x000fe5       data     extern E:\3.46\pic18-lt\cxx-framework\src\traditional\proc\p18f2580.asm
                 POSTDEC2   0x000fdd       data     extern E:\3.46\pic18-lt\cxx-framework\src\traditional\proc\p18f2580.asm
                 POSTINC0   0x000fee       data     extern E:\3.46\pic18-lt\cxx-framework\src\traditional\proc\p18f2580.asm
                 POSTINC1   0x000fe6       data     extern E:\3.46\pic18-lt\cxx-framework\src\traditional\proc\p18f2580.asm
                 POSTINC2   0x000fde       data     extern E:\3.46\pic18-lt\cxx-framework\src\traditional\proc\p18f2580.asm
                      PR2   0x000fcb       data     extern E:\3.46\pic18-lt\cxx-framework\src\traditional\proc\p18f2580.asm
                  PREINC0   0x000fec       data     extern E:\3.46\pic18-lt\cxx-framework\src\traditional\proc\p18f2580.asm
                  PREINC1   0x000fe4       data     extern E:\3.46\pic18-lt\cxx-framework\src\traditional\proc\p18f2580.asm
                  PREINC2   0x000fdc       data     extern E:\3.46\pic18-lt\cxx-framework\src\traditional\proc\p18f2580.asm
                     PROD   0x000ff3       data     extern E:\3.46\pic18-lt\cxx-framework\src\traditional\proc\p18f2580.asm
                    PRODH   0x000ff4       data     extern E:\3.46\pic18-lt\cxx-framework\src\traditional\proc\p18f2580.asm
                    PRODL   0x000ff3       data     extern E:\3.46\pic18-lt\cxx-framework\src\traditional\proc\p18f2580.asm
                     RCON   0x000fd0       data     extern E:\3.46\pic18-lt\cxx-framework\src\traditional\proc\p18f2580.asm
                 RCONbits   0x000fd0       data     extern E:\3.46\pic18-lt\cxx-framework\src\traditional\proc\p18f2580.asm
                    RCREG   0x000fae       data     extern E:\3.46\pic18-lt\cxx-framework\src\traditional\proc\p18f2580.asm
                    RCSTA   0x000fab       data     extern E:\3.46\pic18-lt\cxx-framework\src\traditional\proc\p18f2580.asm
                RCSTAbits   0x000fab       data     extern E:\3.46\pic18-lt\cxx-framework\src\traditional\proc\p18f2580.asm
                  RXB0CON   0x000f60       data     extern E:\3.46\pic18-lt\cxx-framework\src\traditional\proc\p18f2580.asm
              RXB0CONbits   0x000f60       data     extern E:\3.46\pic18-lt\cxx-framework\src\traditional\proc\p18f2580.asm
                   RXB0D0   0x000f66       data     extern E:\3.46\pic18-lt\cxx-framework\src\traditional\proc\p18f2580.asm
               RXB0D0bits   0x000f66       data     extern E:\3.46\pic18-lt\cxx-framework\src\traditional\proc\p18f2580.asm
                   RXB0D1   0x000f67       data     extern E:\3.46\pic18-lt\cxx-framework\src\traditional\proc\p18f2580.asm
               RXB0D1bits   0x000f67       data     extern E:\3.46\pic18-lt\cxx-framework\src\traditional\proc\p18f2580.asm
                   RXB0D2   0x000f68       data     extern E:\3.46\pic18-lt\cxx-framework\src\traditional\proc\p18f2580.asm
               RXB0D2bits   0x000f68       data     extern E:\3.46\pic18-lt\cxx-framework\src\traditional\proc\p18f2580.asm
                   RXB0D3   0x000f69       data     extern E:\3.46\pic18-lt\cxx-framework\src\traditional\proc\p18f2580.asm
               RXB0D3bits   0x000f69       data     extern E:\3.46\pic18-lt\cxx-framework\src\traditional\proc\p18f2580.asm
                   RXB0D4   0x000f6a       data     extern E:\3.46\pic18-lt\cxx-framework\src\traditional\proc\p18f2580.asm
               RXB0D4bits   0x000f6a       data     extern E:\3.46\pic18-lt\cxx-framework\src\traditional\proc\p18f2580.asm
                   RXB0D5   0x000f6b       data     extern E:\3.46\pic18-lt\cxx-framework\src\traditional\proc\p18f2580.asm
               RXB0D5bits   0x000f6b       data     extern E:\3.46\pic18-lt\cxx-framework\src\traditional\proc\p18f2580.asm
                   RXB0D6   0x000f6c       data     extern E:\3.46\pic18-lt\cxx-framework\src\traditional\proc\p18f2580.asm
               RXB0D6bits   0x000f6c       data     extern E:\3.46\pic18-lt\cxx-framework\src\traditional\proc\p18f2580.asm
                   RXB0D7   0x000f6d       data     extern E:\3.46\pic18-lt\cxx-framework\src\traditional\proc\p18f2580.asm
               RXB0D7bits   0x000f6d       data     extern E:\3.46\pic18-lt\cxx-framework\src\traditional\proc\p18f2580.asm
                  RXB0DLC   0x000f65       data     extern E:\3.46\pic18-lt\cxx-framework\src\traditional\proc\p18f2580.asm
              RXB0DLCbits   0x000f65       data     extern E:\3.46\pic18-lt\cxx-framework\src\traditional\proc\p18f2580.asm
                 RXB0EIDH   0x000f63       data     extern E:\3.46\pic18-lt\cxx-framework\src\traditional\proc\p18f2580.asm
             RXB0EIDHbits   0x000f63       data     extern E:\3.46\pic18-lt\cxx-framework\src\traditional\proc\p18f2580.asm
                 RXB0EIDL   0x000f64       data     extern E:\3.46\pic18-lt\cxx-framework\src\traditional\proc\p18f2580.asm
             RXB0EIDLbits   0x000f64       data     extern E:\3.46\pic18-lt\cxx-framework\src\traditional\proc\p18f2580.asm
                 RXB0SIDH   0x000f61       data     extern E:\3.46\pic18-lt\cxx-framework\src\traditional\proc\p18f2580.asm
             RXB0SIDHbits   0x000f61       data     extern E:\3.46\pic18-lt\cxx-framework\src\traditional\proc\p18f2580.asm
                 RXB0SIDL   0x000f62       data     extern E:\3.46\pic18-lt\cxx-framework\src\traditional\proc\p18f2580.asm
             RXB0SIDLbits   0x000f62       data     extern E:\3.46\pic18-lt\cxx-framework\src\traditional\proc\p18f2580.asm
                  RXB1CON   0x000f50       data     extern E:\3.46\pic18-lt\cxx-framework\src\traditional\proc\p18f2580.asm
              RXB1CONbits   0x000f50       data     extern E:\3.46\pic18-lt\cxx-framework\src\traditional\proc\p18f2580.asm
                   RXB1D0   0x000f56       data     extern E:\3.46\pic18-lt\cxx-framework\src\traditional\proc\p18f2580.asm
               RXB1D0bits   0x000f56       data     extern E:\3.46\pic18-lt\cxx-framework\src\traditional\proc\p18f2580.asm
                   RXB1D1   0x000f57       data     extern E:\3.46\pic18-lt\cxx-framework\src\traditional\proc\p18f2580.asm
               RXB1D1bits   0x000f57       data     extern E:\3.46\pic18-lt\cxx-framework\src\traditional\proc\p18f2580.asm
                   RXB1D2   0x000f58       data     extern E:\3.46\pic18-lt\cxx-framework\src\traditional\proc\p18f2580.asm
               RXB1D2bits   0x000f58       data     extern E:\3.46\pic18-lt\cxx-framework\src\traditional\proc\p18f2580.asm
                   RXB1D3   0x000f59       data     extern E:\3.46\pic18-lt\cxx-framework\src\traditional\proc\p18f2580.asm
               RXB1D3bits   0x000f59       data     extern E:\3.46\pic18-lt\cxx-framework\src\traditional\proc\p18f2580.asm
                   RXB1D4   0x000f5a       data     extern E:\3.46\pic18-lt\cxx-framework\src\traditional\proc\p18f2580.asm
               RXB1D4bits   0x000f5a       data     extern E:\3.46\pic18-lt\cxx-framework\src\traditional\proc\p18f2580.asm
                   RXB1D5   0x000f5b       data     extern E:\3.46\pic18-lt\cxx-framework\src\traditional\proc\p18f2580.asm
               RXB1D5bits   0x000f5b       data     extern E:\3.46\pic18-lt\cxx-framework\src\traditional\proc\p18f2580.asm
                   RXB1D6   0x000f5c       data     extern E:\3.46\pic18-lt\cxx-framework\src\traditional\proc\p18f2580.asm
               RXB1D6bits   0x000f5c       data     extern E:\3.46\pic18-lt\cxx-framework\src\traditional\proc\p18f2580.asm
                   RXB1D7   0x000f5d       data     extern E:\3.46\pic18-lt\cxx-framework\src\traditional\proc\p18f2580.asm
               RXB1D7bits   0x000f5d       data     extern E:\3.46\pic18-lt\cxx-framework\src\traditional\proc\p18f2580.asm
                  RXB1DLC   0x000f55       data     extern E:\3.46\pic18-lt\cxx-framework\src\traditional\proc\p18f2580.asm
              RXB1DLCbits   0x000f55       data     extern E:\3.46\pic18-lt\cxx-framework\src\traditional\proc\p18f2580.asm
                 RXB1EIDH   0x000f53       data     extern E:\3.46\pic18-lt\cxx-framework\src\traditional\proc\p18f2580.asm
             RXB1EIDHbits   0x000f53       data     extern E:\3.46\pic18-lt\cxx-framework\src\traditional\proc\p18f2580.asm
                 RXB1EIDL   0x000f54       data     extern E:\3.46\pic18-lt\cxx-framework\src\traditional\proc\p18f2580.asm
             RXB1EIDLbits   0x000f54       data     extern E:\3.46\pic18-lt\cxx-framework\src\traditional\proc\p18f2580.asm
                 RXB1SIDH   0x000f51       data     extern E:\3.46\pic18-lt\cxx-framework\src\traditional\proc\p18f2580.asm
             RXB1SIDHbits   0x000f51       data     extern E:\3.46\pic18-lt\cxx-framework\src\traditional\proc\p18f2580.asm
                 RXB1SIDL   0x000f52       data     extern E:\3.46\pic18-lt\cxx-framework\src\traditional\proc\p18f2580.asm
             RXB1SIDLbits   0x000f52       data     extern E:\3.46\pic18-lt\cxx-framework\src\traditional\proc\p18f2580.asm
                 RXERRCNT   0x000f75       data     extern E:\3.46\pic18-lt\cxx-framework\src\traditional\proc\p18f2580.asm
             RXERRCNTbits   0x000f75       data     extern E:\3.46\pic18-lt\cxx-framework\src\traditional\proc\p18f2580.asm
                 RXF0EIDH   0x000f02       data     extern E:\3.46\pic18-lt\cxx-framework\src\traditional\proc\p18f2580.asm
             RXF0EIDHbits   0x000f02       data     extern E:\3.46\pic18-lt\cxx-framework\src\traditional\proc\p18f2580.asm
                 RXF0EIDL   0x000f03       data     extern E:\3.46\pic18-lt\cxx-framework\src\traditional\proc\p18f2580.asm
             RXF0EIDLbits   0x000f03       data     extern E:\3.46\pic18-lt\cxx-framework\src\traditional\proc\p18f2580.asm
                 RXF0SIDH   0x000f00       data     extern E:\3.46\pic18-lt\cxx-framework\src\traditional\proc\p18f2580.asm
             RXF0SIDHbits   0x000f00       data     extern E:\3.46\pic18-lt\cxx-framework\src\traditional\proc\p18f2580.asm
                 RXF0SIDL   0x000f01       data     extern E:\3.46\pic18-lt\cxx-framework\src\traditional\proc\p18f2580.asm
             RXF0SIDLbits   0x000f01       data     extern E:\3.46\pic18-lt\cxx-framework\src\traditional\proc\p18f2580.asm
                RXF10EIDH   0x000d76       data     extern E:\3.46\pic18-lt\cxx-framework\src\traditional\proc\p18f2580.asm
            RXF10EIDHbits   0x000d76       data     extern E:\3.46\pic18-lt\cxx-framework\src\traditional\proc\p18f2580.asm
                RXF10EIDL   0x000d77       data     extern E:\3.46\pic18-lt\cxx-framework\src\traditional\proc\p18f2580.asm
            RXF10EIDLbits   0x000d77       data     extern E:\3.46\pic18-lt\cxx-framework\src\traditional\proc\p18f2580.asm
                RXF10SIDH   0x000d74       data     extern E:\3.46\pic18-lt\cxx-framework\src\traditional\proc\p18f2580.asm
            RXF10SIDHbits   0x000d74       data     extern E:\3.46\pic18-lt\cxx-framework\src\traditional\proc\p18f2580.asm
                RXF10SIDL   0x000d75       data     extern E:\3.46\pic18-lt\cxx-framework\src\traditional\proc\p18f2580.asm
            RXF10SIDLbits   0x000d75       data     extern E:\3.46\pic18-lt\cxx-framework\src\traditional\proc\p18f2580.asm
                RXF11EIDH   0x000d7a       data     extern E:\3.46\pic18-lt\cxx-framework\src\traditional\proc\p18f2580.asm
            RXF11EIDHbits   0x000d7a       data     extern E:\3.46\pic18-lt\cxx-framework\src\traditional\proc\p18f2580.asm
                RXF11EIDL   0x000d7b       data     extern E:\3.46\pic18-lt\cxx-framework\src\traditional\proc\p18f2580.asm
            RXF11EIDLbits   0x000d7b       data     extern E:\3.46\pic18-lt\cxx-framework\src\traditional\proc\p18f2580.asm
                RXF11SIDH   0x000d78       data     extern E:\3.46\pic18-lt\cxx-framework\src\traditional\proc\p18f2580.asm
            RXF11SIDHbits   0x000d78       data     extern E:\3.46\pic18-lt\cxx-framework\src\traditional\proc\p18f2580.asm
                RXF11SIDL   0x000d79       data     extern E:\3.46\pic18-lt\cxx-framework\src\traditional\proc\p18f2580.asm
            RXF11SIDLbits   0x000d79       data     extern E:\3.46\pic18-lt\cxx-framework\src\traditional\proc\p18f2580.asm
                RXF12EIDH   0x000d82       data     extern E:\3.46\pic18-lt\cxx-framework\src\traditional\proc\p18f2580.asm
            RXF12EIDHbits   0x000d82       data     extern E:\3.46\pic18-lt\cxx-framework\src\traditional\proc\p18f2580.asm
                RXF12EIDL   0x000d83       data     extern E:\3.46\pic18-lt\cxx-framework\src\traditional\proc\p18f2580.asm
            RXF12EIDLbits   0x000d83       data     extern E:\3.46\pic18-lt\cxx-framework\src\traditional\proc\p18f2580.asm
                RXF12SIDH   0x000d80       data     extern E:\3.46\pic18-lt\cxx-framework\src\traditional\proc\p18f2580.asm
            RXF12SIDHbits   0x000d80       data     extern E:\3.46\pic18-lt\cxx-framework\src\traditional\proc\p18f2580.asm
                RXF12SIDL   0x000d81       data     extern E:\3.46\pic18-lt\cxx-framework\src\traditional\proc\p18f2580.asm
            RXF12SIDLbits   0x000d81       data     extern E:\3.46\pic18-lt\cxx-framework\src\traditional\proc\p18f2580.asm
                RXF13EIDH   0x000d86       data     extern E:\3.46\pic18-lt\cxx-framework\src\traditional\proc\p18f2580.asm
            RXF13EIDHbits   0x000d86       data     extern E:\3.46\pic18-lt\cxx-framework\src\traditional\proc\p18f2580.asm
                RXF13EIDL   0x000d87       data     extern E:\3.46\pic18-lt\cxx-framework\src\traditional\proc\p18f2580.asm
            RXF13EIDLbits   0x000d87       data     extern E:\3.46\pic18-lt\cxx-framework\src\traditional\proc\p18f2580.asm
                RXF13SIDH   0x000d84       data     extern E:\3.46\pic18-lt\cxx-framework\src\traditional\proc\p18f2580.asm
            RXF13SIDHbits   0x000d84       data     extern E:\3.46\pic18-lt\cxx-framework\src\traditional\proc\p18f2580.asm
                RXF13SIDL   0x000d85       data     extern E:\3.46\pic18-lt\cxx-framework\src\traditional\proc\p18f2580.asm
            RXF13SIDLbits   0x000d85       data     extern E:\3.46\pic18-lt\cxx-framework\src\traditional\proc\p18f2580.asm
                RXF14EIDH   0x000d8a       data     extern E:\3.46\pic18-lt\cxx-framework\src\traditional\proc\p18f2580.asm
            RXF14EIDHbits   0x000d8a       data     extern E:\3.46\pic18-lt\cxx-framework\src\traditional\proc\p18f2580.asm
                RXF14EIDL   0x000d8b       data     extern E:\3.46\pic18-lt\cxx-framework\src\traditional\proc\p18f2580.asm
            RXF14EIDLbits   0x000d8b       data     extern E:\3.46\pic18-lt\cxx-framework\src\traditional\proc\p18f2580.asm
                RXF14SIDH   0x000d88       data     extern E:\3.46\pic18-lt\cxx-framework\src\traditional\proc\p18f2580.asm
            RXF14SIDHbits   0x000d88       data     extern E:\3.46\pic18-lt\cxx-framework\src\traditional\proc\p18f2580.asm
                RXF14SIDL   0x000d89       data     extern E:\3.46\pic18-lt\cxx-framework\src\traditional\proc\p18f2580.asm
            RXF14SIDLbits   0x000d89       data     extern E:\3.46\pic18-lt\cxx-framework\src\traditional\proc\p18f2580.asm
                RXF15EIDH   0x000d92       data     extern E:\3.46\pic18-lt\cxx-framework\src\traditional\proc\p18f2580.asm
            RXF15EIDHbits   0x000d92       data     extern E:\3.46\pic18-lt\cxx-framework\src\traditional\proc\p18f2580.asm
                RXF15EIDL   0x000d93       data     extern E:\3.46\pic18-lt\cxx-framework\src\traditional\proc\p18f2580.asm
            RXF15EIDLbits   0x000d93       data     extern E:\3.46\pic18-lt\cxx-framework\src\traditional\proc\p18f2580.asm
                RXF15SIDH   0x000d90       data     extern E:\3.46\pic18-lt\cxx-framework\src\traditional\proc\p18f2580.asm
            RXF15SIDHbits   0x000d90       data     extern E:\3.46\pic18-lt\cxx-framework\src\traditional\proc\p18f2580.asm
                RXF15SIDL   0x000d91       data     extern E:\3.46\pic18-lt\cxx-framework\src\traditional\proc\p18f2580.asm
            RXF15SIDLbits   0x000d91       data     extern E:\3.46\pic18-lt\cxx-framework\src\traditional\proc\p18f2580.asm
                 RXF1EIDH   0x000f06       data     extern E:\3.46\pic18-lt\cxx-framework\src\traditional\proc\p18f2580.asm
             RXF1EIDHbits   0x000f06       data     extern E:\3.46\pic18-lt\cxx-framework\src\traditional\proc\p18f2580.asm
                 RXF1EIDL   0x000f07       data     extern E:\3.46\pic18-lt\cxx-framework\src\traditional\proc\p18f2580.asm
             RXF1EIDLbits   0x000f07       data     extern E:\3.46\pic18-lt\cxx-framework\src\traditional\proc\p18f2580.asm
                 RXF1SIDH   0x000f04       data     extern E:\3.46\pic18-lt\cxx-framework\src\traditional\proc\p18f2580.asm
             RXF1SIDHbits   0x000f04       data     extern E:\3.46\pic18-lt\cxx-framework\src\traditional\proc\p18f2580.asm
                 RXF1SIDL   0x000f05       data     extern E:\3.46\pic18-lt\cxx-framework\src\traditional\proc\p18f2580.asm
             RXF1SIDLbits   0x000f05       data     extern E:\3.46\pic18-lt\cxx-framework\src\traditional\proc\p18f2580.asm
                 RXF2EIDH   0x000f0a       data     extern E:\3.46\pic18-lt\cxx-framework\src\traditional\proc\p18f2580.asm
             RXF2EIDHbits   0x000f0a       data     extern E:\3.46\pic18-lt\cxx-framework\src\traditional\proc\p18f2580.asm
                 RXF2EIDL   0x000f0b       data     extern E:\3.46\pic18-lt\cxx-framework\src\traditional\proc\p18f2580.asm
             RXF2EIDLbits   0x000f0b       data     extern E:\3.46\pic18-lt\cxx-framework\src\traditional\proc\p18f2580.asm
                 RXF2SIDH   0x000f08       data     extern E:\3.46\pic18-lt\cxx-framework\src\traditional\proc\p18f2580.asm
             RXF2SIDHbits   0x000f08       data     extern E:\3.46\pic18-lt\cxx-framework\src\traditional\proc\p18f2580.asm
                 RXF2SIDL   0x000f09       data     extern E:\3.46\pic18-lt\cxx-framework\src\traditional\proc\p18f2580.asm
             RXF2SIDLbits   0x000f09       data     extern E:\3.46\pic18-lt\cxx-framework\src\traditional\proc\p18f2580.asm
                 RXF3EIDH   0x000f0e       data     extern E:\3.46\pic18-lt\cxx-framework\src\traditional\proc\p18f2580.asm
             RXF3EIDHbits   0x000f0e       data     extern E:\3.46\pic18-lt\cxx-framework\src\traditional\proc\p18f2580.asm
                 RXF3EIDL   0x000f0f       data     extern E:\3.46\pic18-lt\cxx-framework\src\traditional\proc\p18f2580.asm
             RXF3EIDLbits   0x000f0f       data     extern E:\3.46\pic18-lt\cxx-framework\src\traditional\proc\p18f2580.asm
                 RXF3SIDH   0x000f0c       data     extern E:\3.46\pic18-lt\cxx-framework\src\traditional\proc\p18f2580.asm
             RXF3SIDHbits   0x000f0c       data     extern E:\3.46\pic18-lt\cxx-framework\src\traditional\proc\p18f2580.asm
                 RXF3SIDL   0x000f0d       data     extern E:\3.46\pic18-lt\cxx-framework\src\traditional\proc\p18f2580.asm
             RXF3SIDLbits   0x000f0d       data     extern E:\3.46\pic18-lt\cxx-framework\src\traditional\proc\p18f2580.asm
                 RXF4EIDH   0x000f12       data     extern E:\3.46\pic18-lt\cxx-framework\src\traditional\proc\p18f2580.asm
             RXF4EIDHbits   0x000f12       data     extern E:\3.46\pic18-lt\cxx-framework\src\traditional\proc\p18f2580.asm
                 RXF4EIDL   0x000f13       data     extern E:\3.46\pic18-lt\cxx-framework\src\traditional\proc\p18f2580.asm
             RXF4EIDLbits   0x000f13       data     extern E:\3.46\pic18-lt\cxx-framework\src\traditional\proc\p18f2580.asm
                 RXF4SIDH   0x000f10       data     extern E:\3.46\pic18-lt\cxx-framework\src\traditional\proc\p18f2580.asm
             RXF4SIDHbits   0x000f10       data     extern E:\3.46\pic18-lt\cxx-framework\src\traditional\proc\p18f2580.asm
                 RXF4SIDL   0x000f11       data     extern E:\3.46\pic18-lt\cxx-framework\src\traditional\proc\p18f2580.asm
             RXF4SIDLbits   0x000f11       data     extern E:\3.46\pic18-lt\cxx-framework\src\traditional\proc\p18f2580.asm
                 RXF5EIDH   0x000f16       data     extern E:\3.46\pic18-lt\cxx-framework\src\traditional\proc\p18f2580.asm
             RXF5EIDHbits   0x000f16       data     extern E:\3.46\pic18-lt\cxx-framework\src\traditional\proc\p18f2580.asm
                 RXF5EIDL   0x000f17       data     extern E:\3.46\pic18-lt\cxx-framework\src\traditional\proc\p18f2580.asm
             RXF5EIDLbits   0x000f17       data     extern E:\3.46\pic18-lt\cxx-framework\src\traditional\proc\p18f2580.asm
                 RXF5SIDH   0x000f14       data     extern E:\3.46\pic18-lt\cxx-framework\src\traditional\proc\p18f2580.asm
             RXF5SIDHbits   0x000f14       data     extern E:\3.46\pic18-lt\cxx-framework\src\traditional\proc\p18f2580.asm
                 RXF5SIDL   0x000f15       data     extern E:\3.46\pic18-lt\cxx-framework\src\traditional\proc\p18f2580.asm
             RXF5SIDLbits   0x000f15       data     extern E:\3.46\pic18-lt\cxx-framework\src\traditional\proc\p18f2580.asm
                 RXF6EIDH   0x000d62       data     extern E:\3.46\pic18-lt\cxx-framework\src\traditional\proc\p18f2580.asm
             RXF6EIDHbits   0x000d62       data     extern E:\3.46\pic18-lt\cxx-framework\src\traditional\proc\p18f2580.asm
                 RXF6EIDL   0x000d63       data     extern E:\3.46\pic18-lt\cxx-framework\src\traditional\proc\p18f2580.asm
             RXF6EIDLbits   0x000d63       data     extern E:\3.46\pic18-lt\cxx-framework\src\traditional\proc\p18f2580.asm
                 RXF6SIDH   0x000d60       data     extern E:\3.46\pic18-lt\cxx-framework\src\traditional\proc\p18f2580.asm
             RXF6SIDHbits   0x000d60       data     extern E:\3.46\pic18-lt\cxx-framework\src\traditional\proc\p18f2580.asm
                 RXF6SIDL   0x000d61       data     extern E:\3.46\pic18-lt\cxx-framework\src\traditional\proc\p18f2580.asm
             RXF6SIDLbits   0x000d61       data     extern E:\3.46\pic18-lt\cxx-framework\src\traditional\proc\p18f2580.asm
                 RXF7EIDH   0x000d66       data     extern E:\3.46\pic18-lt\cxx-framework\src\traditional\proc\p18f2580.asm
             RXF7EIDHbits   0x000d66       data     extern E:\3.46\pic18-lt\cxx-framework\src\traditional\proc\p18f2580.asm
                 RXF7EIDL   0x000d67       data     extern E:\3.46\pic18-lt\cxx-framework\src\traditional\proc\p18f2580.asm
             RXF7EIDLbits   0x000d67       data     extern E:\3.46\pic18-lt\cxx-framework\src\traditional\proc\p18f2580.asm
                 RXF7SIDH   0x000d64       data     extern E:\3.46\pic18-lt\cxx-framework\src\traditional\proc\p18f2580.asm
[...]
                PORTEbits   0x000f84       data     extern E:\3.46\pic18-lt\cxx-framework\src\traditional\proc\p18f2580.asm
                    PORTE   0x000f84       data     extern E:\3.46\pic18-lt\cxx-framework\src\traditional\proc\p18f2580.asm
                     LATA   0x000f89       data     extern E:\3.46\pic18-lt\cxx-framework\src\traditional\proc\p18f2580.asm
                 LATAbits   0x000f89       data     extern E:\3.46\pic18-lt\cxx-framework\src\traditional\proc\p18f2580.asm
                     LATB   0x000f8a       data     extern E:\3.46\pic18-lt\cxx-framework\src\traditional\proc\p18f2580.asm
                 LATBbits   0x000f8a       data     extern E:\3.46\pic18-lt\cxx-framework\src\traditional\proc\p18f2580.asm
                     LATC   0x000f8b       data     extern E:\3.46\pic18-lt\cxx-framework\src\traditional\proc\p18f2580.asm
                 LATCbits   0x000f8b       data     extern E:\3.46\pic18-lt\cxx-framework\src\traditional\proc\p18f2580.asm
                     DDRA   0x000f92       data     extern E:\3.46\pic18-lt\cxx-framework\src\traditional\proc\p18f2580.asm
                 DDRAbits   0x000f92       data     extern E:\3.46\pic18-lt\cxx-framework\src\traditional\proc\p18f2580.asm
                    TRISA   0x000f92       data     extern E:\3.46\pic18-lt\cxx-framework\src\traditional\proc\p18f2580.asm
                TRISAbits   0x000f92       data     extern E:\3.46\pic18-lt\cxx-framework\src\traditional\proc\p18f2580.asm
                 DDRBbits   0x000f93       data     extern E:\3.46\pic18-lt\cxx-framework\src\traditional\proc\p18f2580.asm
                     DDRB   0x000f93       data     extern E:\3.46\pic18-lt\cxx-framework\src\traditional\proc\p18f2580.asm
                TRISBbits   0x000f93       data     extern E:\3.46\pic18-lt\cxx-framework\src\traditional\proc\p18f2580.asm
                    TRISB   0x000f93       data     extern E:\3.46\pic18-lt\cxx-framework\src\traditional\proc\p18f2580.asm
                 DDRCbits   0x000f94       data     extern E:\3.46\pic18-lt\cxx-framework\src\traditional\proc\p18f2580.asm
                     DDRC   0x000f94       data     extern E:\3.46\pic18-lt\cxx-framework\src\traditional\proc\p18f2580.asm
                    TRISC   0x000f94       data     extern E:\3.46\pic18-lt\cxx-framework\src\traditional\proc\p18f2580.asm
                TRISCbits   0x000f94       data     extern E:\3.46\pic18-lt\cxx-framework\src\traditional\proc\p18f2580.asm
              OSCTUNEbits   0x000f9b       data     extern E:\3.46\pic18-lt\cxx-framework\src\traditional\proc\p18f2580.asm
                  OSCTUNE   0x000f9b       data     extern E:\3.46\pic18-lt\cxx-framework\src\traditional\proc\p18f2580.asm
                 PIE1bits   0x000f9d       data     extern E:\3.46\pic18-lt\cxx-framework\src\traditional\proc\p18f2580.asm
                     PIE1   0x000f9d       data     extern E:\3.46\pic18-lt\cxx-framework\src\traditional\proc\p18f2580.asm
                 PIR1bits   0x000f9e       data     extern E:\3.46\pic18-lt\cxx-framework\src\traditional\proc\p18f2580.asm
                     PIR1   0x000f9e       data     extern E:\3.46\pic18-lt\cxx-framework\src\traditional\proc\p18f2580.asm
                     IPR1   0x000f9f       data     extern E:\3.46\pic18-lt\cxx-framework\src\traditional\proc\p18f2580.asm
                 IPR1bits   0x000f9f       data     extern E:\3.46\pic18-lt\cxx-framework\src\traditional\proc\p18f2580.asm
                 PIE2bits   0x000fa0       data     extern E:\3.46\pic18-lt\cxx-framework\src\traditional\proc\p18f2580.asm
                     PIE2   0x000fa0       data     extern E:\3.46\pic18-lt\cxx-framework\src\traditional\proc\p18f2580.asm
                 PIR2bits   0x000fa1       data     extern E:\3.46\pic18-lt\cxx-framework\src\traditional\proc\p18f2580.asm
                     PIR2   0x000fa1       data     extern E:\3.46\pic18-lt\cxx-framework\src\traditional\proc\p18f2580.asm
                 IPR2bits   0x000fa2       data     extern E:\3.46\pic18-lt\cxx-framework\src\traditional\proc\p18f2580.asm
                     IPR2   0x000fa2       data     extern E:\3.46\pic18-lt\cxx-framework\src\traditional\proc\p18f2580.asm
                 PIE3bits   0x000fa3       data     extern E:\3.46\pic18-lt\cxx-framework\src\traditional\proc\p18f2580.asm
                     PIE3   0x000fa3       data     extern E:\3.46\pic18-lt\cxx-framework\src\traditional\proc\p18f2580.asm
                     PIR3   0x000fa4       data     extern E:\3.46\pic18-lt\cxx-framework\src\traditional\proc\p18f2580.asm
                 PIR3bits   0x000fa4       data     extern E:\3.46\pic18-lt\cxx-framework\src\traditional\proc\p18f2580.asm
                 IPR3bits   0x000fa5       data     extern E:\3.46\pic18-lt\cxx-framework\src\traditional\proc\p18f2580.asm
                     IPR3   0x000fa5       data     extern E:\3.46\pic18-lt\cxx-framework\src\traditional\proc\p18f2580.asm
                   EECON1   0x000fa6       data     extern E:\3.46\pic18-lt\cxx-framework\src\traditional\proc\p18f2580.asm
               EECON1bits   0x000fa6       data     extern E:\3.46\pic18-lt\cxx-framework\src\traditional\proc\p18f2580.asm
                   EECON2   0x000fa7       data     extern E:\3.46\pic18-lt\cxx-framework\src\traditional\proc\p18f2580.asm
                   EEDATA   0x000fa8       data     extern E:\3.46\pic18-lt\cxx-framework\src\traditional\proc\p18f2580.asm
                    EEADR   0x000fa9       data     extern E:\3.46\pic18-lt\cxx-framework\src\traditional\proc\p18f2580.asm
                    RCSTA   0x000fab       data     extern E:\3.46\pic18-lt\cxx-framework\src\traditional\proc\p18f2580.asm
                RCSTAbits   0x000fab       data     extern E:\3.46\pic18-lt\cxx-framework\src\traditional\proc\p18f2580.asm
                TXSTAbits   0x000fac       data     extern E:\3.46\pic18-lt\cxx-framework\src\traditional\proc\p18f2580.asm
                    TXSTA   0x000fac       data     extern E:\3.46\pic18-lt\cxx-framework\src\traditional\proc\p18f2580.asm
                    TXREG   0x000fad       data     extern E:\3.46\pic18-lt\cxx-framework\src\traditional\proc\p18f2580.asm
                    RCREG   0x000fae       data     extern E:\3.46\pic18-lt\cxx-framework\src\traditional\proc\p18f2580.asm
                    SPBRG   0x000faf       data     extern E:\3.46\pic18-lt\cxx-framework\src\traditional\proc\p18f2580.asm
                   SPBRGH   0x000fb0       data     extern E:\3.46\pic18-lt\cxx-framework\src\traditional\proc\p18f2580.asm
                    T3CON   0x000fb1       data     extern E:\3.46\pic18-lt\cxx-framework\src\traditional\proc\p18f2580.asm
                T3CONbits   0x000fb1       data     extern E:\3.46\pic18-lt\cxx-framework\src\traditional\proc\p18f2580.asm
                    TMR3L   0x000fb2       data     extern E:\3.46\pic18-lt\cxx-framework\src\traditional\proc\p18f2580.asm
                    TMR3H   0x000fb3       data     extern E:\3.46\pic18-lt\cxx-framework\src\traditional\proc\p18f2580.asm
                 ECCP1DEL   0x000fb7       data     extern E:\3.46\pic18-lt\cxx-framework\src\traditional\proc\p18f2580.asm
             ECCP1DELbits   0x000fb7       data     extern E:\3.46\pic18-lt\cxx-framework\src\traditional\proc\p18f2580.asm
              BAUDCTLbits   0x000fb8       data     extern E:\3.46\pic18-lt\cxx-framework\src\traditional\proc\p18f2580.asm
                  BAUDCTL   0x000fb8       data     extern E:\3.46\pic18-lt\cxx-framework\src\traditional\proc\p18f2580.asm
              BAUDCONbits   0x000fb8       data     extern E:\3.46\pic18-lt\cxx-framework\src\traditional\proc\p18f2580.asm
                  BAUDCON   0x000fb8       data     extern E:\3.46\pic18-lt\cxx-framework\src\traditional\proc\p18f2580.asm
              CCP1CONbits   0x000fbd       data     extern E:\3.46\pic18-lt\cxx-framework\src\traditional\proc\p18f2580.asm
                  CCP1CON   0x000fbd       data     extern E:\3.46\pic18-lt\cxx-framework\src\traditional\proc\p18f2580.asm
                   CCPR1L   0x000fbe       data     extern E:\3.46\pic18-lt\cxx-framework\src\traditional\proc\p18f2580.asm
                    CCPR1   0x000fbe       data     extern E:\3.46\pic18-lt\cxx-framework\src\traditional\proc\p18f2580.asm
                   CCPR1H   0x000fbf       data     extern E:\3.46\pic18-lt\cxx-framework\src\traditional\proc\p18f2580.asm
                   ADCON2   0x000fc0       data     extern E:\3.46\pic18-lt\cxx-framework\src\traditional\proc\p18f2580.asm
               ADCON2bits   0x000fc0       data     extern E:\3.46\pic18-lt\cxx-framework\src\traditional\proc\p18f2580.asm
               ADCON1bits   0x000fc1       data     extern E:\3.46\pic18-lt\cxx-framework\src\traditional\proc\p18f2580.asm
                   ADCON1   0x000fc1       data     extern E:\3.46\pic18-lt\cxx-framework\src\traditional\proc\p18f2580.asm
                   ADCON0   0x000fc2       data     extern E:\3.46\pic18-lt\cxx-framework\src\traditional\proc\p18f2580.asm
               ADCON0bits   0x000fc2       data     extern E:\3.46\pic18-lt\cxx-framework\src\traditional\proc\p18f2580.asm
                    ADRES   0x000fc3       data     extern E:\3.46\pic18-lt\cxx-framework\src\traditional\proc\p18f2580.asm
                   ADRESL   0x000fc3       data     extern E:\3.46\pic18-lt\cxx-framework\src\traditional\proc\p18f2580.asm
                   ADRESH   0x000fc4       data     extern E:\3.46\pic18-lt\cxx-framework\src\traditional\proc\p18f2580.asm
                  SSPCON2   0x000fc5       data     extern E:\3.46\pic18-lt\cxx-framework\src\traditional\proc\p18f2580.asm
              SSPCON2bits   0x000fc5       data     extern E:\3.46\pic18-lt\cxx-framework\src\traditional\proc\p18f2580.asm
                  SSPCON1   0x000fc6       data     extern E:\3.46\pic18-lt\cxx-framework\src\traditional\proc\p18f2580.asm
              SSPCON1bits   0x000fc6       data     extern E:\3.46\pic18-lt\cxx-framework\src\traditional\proc\p18f2580.asm
                  SSPSTAT   0x000fc7       data     extern E:\3.46\pic18-lt\cxx-framework\src\traditional\proc\p18f2580.asm
              SSPSTATbits   0x000fc7       data     extern E:\3.46\pic18-lt\cxx-framework\src\traditional\proc\p18f2580.asm
                   SSPADD   0x000fc8       data     extern E:\3.46\pic18-lt\cxx-framework\src\traditional\proc\p18f2580.asm
                   SSPBUF   0x000fc9       data     extern E:\3.46\pic18-lt\cxx-framework\src\traditional\proc\p18f2580.asm
                    T2CON   0x000fca       data     extern E:\3.46\pic18-lt\cxx-framework\src\traditional\proc\p18f2580.asm
                T2CONbits   0x000fca       data     extern E:\3.46\pic18-lt\cxx-framework\src\traditional\proc\p18f2580.asm
                      PR2   0x000fcb       data     extern E:\3.46\pic18-lt\cxx-framework\src\traditional\proc\p18f2580.asm
                     TMR2   0x000fcc       data     extern E:\3.46\pic18-lt\cxx-framework\src\traditional\proc\p18f2580.asm
                T1CONbits   0x000fcd       data     extern E:\3.46\pic18-lt\cxx-framework\src\traditional\proc\p18f2580.asm
                    T1CON   0x000fcd       data     extern E:\3.46\pic18-lt\cxx-framework\src\traditional\proc\p18f2580.asm
                    TMR1L   0x000fce       data     extern E:\3.46\pic18-lt\cxx-framework\src\traditional\proc\p18f2580.asm
                    TMR1H   0x000fcf       data     extern E:\3.46\pic18-lt\cxx-framework\src\traditional\proc\p18f2580.asm
                     RCON   0x000fd0       data     extern E:\3.46\pic18-lt\cxx-framework\src\traditional\proc\p18f2580.asm
                 RCONbits   0x000fd0       data     extern E:\3.46\pic18-lt\cxx-framework\src\traditional\proc\p18f2580.asm
                   WDTCON   0x000fd1       data     extern E:\3.46\pic18-lt\cxx-framework\src\traditional\proc\p18f2580.asm
               WDTCONbits   0x000fd1       data     extern E:\3.46\pic18-lt\cxx-framework\src\traditional\proc\p18f2580.asm
              HLVDCONbits   0x000fd2       data     extern E:\3.46\pic18-lt\cxx-framework\src\traditional\proc\p18f2580.asm
                  HLVDCON   0x000fd2       data     extern E:\3.46\pic18-lt\cxx-framework\src\traditional\proc\p18f2580.asm
                   LVDCON   0x000fd2       data     extern E:\3.46\pic18-lt\cxx-framework\src\traditional\proc\p18f2580.asm
               LVDCONbits   0x000fd2       data     extern E:\3.46\pic18-lt\cxx-framework\src\traditional\proc\p18f2580.asm
               OSCCONbits   0x000fd3       data     extern E:\3.46\pic18-lt\cxx-framework\src\traditional\proc\p18f2580.asm
                   OSCCON   0x000fd3       data     extern E:\3.46\pic18-lt\cxx-framework\src\traditional\proc\p18f2580.asm
                    T0CON   0x000fd5       data     extern E:\3.46\pic18-lt\cxx-framework\src\traditional\proc\p18f2580.asm
                T0CONbits   0x000fd5       data     extern E:\3.46\pic18-lt\cxx-framework\src\traditional\proc\p18f2580.asm
                    TMR0L   0x000fd6       data     extern E:\3.46\pic18-lt\cxx-framework\src\traditional\proc\p18f2580.asm
                    TMR0H   0x000fd7       data     extern E:\3.46\pic18-lt\cxx-framework\src\traditional\proc\p18f2580.asm
                   STATUS   0x000fd8       data     extern E:\3.46\pic18-lt\cxx-framework\src\traditional\proc\p18f2580.asm
               STATUSbits   0x000fd8       data     extern E:\3.46\pic18-lt\cxx-framework\src\traditional\proc\p18f2580.asm
                     FSR2   0x000fd9       data     extern E:\3.46\pic18-lt\cxx-framework\src\traditional\proc\p18f2580.asm
                    FSR2L   0x000fd9       data     extern E:\3.46\pic18-lt\cxx-framework\src\traditional\proc\p18f2580.asm
                    FSR2H   0x000fda       data     extern E:\3.46\pic18-lt\cxx-framework\src\traditional\proc\p18f2580.asm
                   PLUSW2   0x000fdb       data     extern E:\3.46\pic18-lt\cxx-framework\src\traditional\proc\p18f2580.asm
                  PREINC2   0x000fdc       data     extern E:\3.46\pic18-lt\cxx-framework\src\traditional\proc\p18f2580.asm
                 POSTDEC2   0x000fdd       data     extern E:\3.46\pic18-lt\cxx-framework\src\traditional\proc\p18f2580.asm
                 POSTINC2   0x000fde       data     extern E:\3.46\pic18-lt\cxx-framework\src\traditional\proc\p18f2580.asm
                    INDF2   0x000fdf       data     extern E:\3.46\pic18-lt\cxx-framework\src\traditional\proc\p18f2580.asm
                      BSR   0x000fe0       data     extern E:\3.46\pic18-lt\cxx-framework\src\traditional\proc\p18f2580.asm
                     FSR1   0x000fe1       data     extern E:\3.46\pic18-lt\cxx-framework\src\traditional\proc\p18f2580.asm
                    FSR1L   0x000fe1       data     extern E:\3.46\pic18-lt\cxx-framework\src\traditional\proc\p18f2580.asm
                    FSR1H   0x000fe2       data     extern E:\3.46\pic18-lt\cxx-framework\src\traditional\proc\p18f2580.asm
                   PLUSW1   0x000fe3       data     extern E:\3.46\pic18-lt\cxx-framework\src\traditional\proc\p18f2580.asm
                  PREINC1   0x000fe4       data     extern E:\3.46\pic18-lt\cxx-framework\src\traditional\proc\p18f2580.asm
                 POSTDEC1   0x000fe5       data     extern E:\3.46\pic18-lt\cxx-framework\src\traditional\proc\p18f2580.asm
                 POSTINC1   0x000fe6       data     extern E:\3.46\pic18-lt\cxx-framework\src\traditional\proc\p18f2580.asm
                    INDF1   0x000fe7       data     extern E:\3.46\pic18-lt\cxx-framework\src\traditional\proc\p18f2580.asm
                     WREG   0x000fe8       data     extern E:\3.46\pic18-lt\cxx-framework\src\traditional\proc\p18f2580.asm
                     FSR0   0x000fe9       data     extern E:\3.46\pic18-lt\cxx-framework\src\traditional\proc\p18f2580.asm
                    FSR0L   0x000fe9       data     extern E:\3.46\pic18-lt\cxx-framework\src\traditional\proc\p18f2580.asm
                    FSR0H   0x000fea       data     extern E:\3.46\pic18-lt\cxx-framework\src\traditional\proc\p18f2580.asm
                   PLUSW0   0x000feb       data     extern E:\3.46\pic18-lt\cxx-framework\src\traditional\proc\p18f2580.asm
                  PREINC0   0x000fec       data     extern E:\3.46\pic18-lt\cxx-framework\src\traditional\proc\p18f2580.asm
                 POSTDEC0   0x000fed       data     extern E:\3.46\pic18-lt\cxx-framework\src\traditional\proc\p18f2580.asm
                 POSTINC0   0x000fee       data     extern E:\3.46\pic18-lt\cxx-framework\src\traditional\proc\p18f2580.asm
                    INDF0   0x000fef       data     extern E:\3.46\pic18-lt\cxx-framework\src\traditional\proc\p18f2580.asm
              INTCON3bits   0x000ff0       data     extern E:\3.46\pic18-lt\cxx-framework\src\traditional\proc\p18f2580.asm
                  INTCON3   0x000ff0       data     extern E:\3.46\pic18-lt\cxx-framework\src\traditional\proc\p18f2580.asm
                  INTCON2   0x000ff1       data     extern E:\3.46\pic18-lt\cxx-framework\src\traditional\proc\p18f2580.asm
              INTCON2bits   0x000ff1       data     extern E:\3.46\pic18-lt\cxx-framework\src\traditional\proc\p18f2580.asm
                   INTCON   0x000ff2       data     extern E:\3.46\pic18-lt\cxx-framework\src\traditional\proc\p18f2580.asm
               INTCONbits   0x000ff2       data     extern E:\3.46\pic18-lt\cxx-framework\src\traditional\proc\p18f2580.asm
                     PROD   0x000ff3       data     extern E:\3.46\pic18-lt\cxx-framework\src\traditional\proc\p18f2580.asm
                    PRODL   0x000ff3       data     extern E:\3.46\pic18-lt\cxx-framework\src\traditional\proc\p18f2580.asm
                    PRODH   0x000ff4       data     extern E:\3.46\pic18-lt\cxx-framework\src\traditional\proc\p18f2580.asm
                   TABLAT   0x000ff5       data     extern E:\3.46\pic18-lt\cxx-framework\src\traditional\proc\p18f2580.asm
                   TBLPTR   0x000ff6       data     extern E:\3.46\pic18-lt\cxx-framework\src\traditional\proc\p18f2580.asm
                  TBLPTRL   0x000ff6       data     extern E:\3.46\pic18-lt\cxx-framework\src\traditional\proc\p18f2580.asm
                  TBLPTRH   0x000ff7       data     extern E:\3.46\pic18-lt\cxx-framework\src\traditional\proc\p18f2580.asm
                  TBLPTRU   0x000ff8       data     extern E:\3.46\pic18-lt\cxx-framework\src\traditional\proc\p18f2580.asm
                       PC   0x000ff9       data     extern E:\3.46\pic18-lt\cxx-framework\src\traditional\proc\p18f2580.asm
                      PCL   0x000ff9       data     extern E:\3.46\pic18-lt\cxx-framework\src\traditional\proc\p18f2580.asm
                   PCLATH   0x000ffa       data     extern E:\3.46\pic18-lt\cxx-framework\src\traditional\proc\p18f2580.asm
                   PCLATU   0x000ffb       data     extern E:\3.46\pic18-lt\cxx-framework\src\traditional\proc\p18f2580.asm
               STKPTRbits   0x000ffc       data     extern E:\3.46\pic18-lt\cxx-framework\src\traditional\proc\p18f2580.asm
                   STKPTR   0x000ffc       data     extern E:\3.46\pic18-lt\cxx-framework\src\traditional\proc\p18f2580.asm
                      TOS   0x000ffd       data     extern E:\3.46\pic18-lt\cxx-framework\src\traditional\proc\p18f2580.asm
                     TOSL   0x000ffd       data     extern E:\3.46\pic18-lt\cxx-framework\src\traditional\proc\p18f2580.asm
                     TOSH   0x000ffe       data     extern E:\3.46\pic18-lt\cxx-framework\src\traditional\proc\p18f2580.asm
                     TOSU   0x000fff       data     extern E:\3.46\pic18-lt\cxx-framework\src\traditional\proc\p18f2580.asm


